Building CXX object CMakeFiles/simsearch.dir/src/embedding_search_binary.cpp.o
Building CXX object CMakeFiles/simsearch.dir/src/main.cpp.o
Building CXX object CMakeFiles/embedding_search_benchmark.dir/src/embedding_search_benchmark_bindings.cpp.o
Building CXX object CMakeFiles/simsearch.dir/src/embedding_search_avx2.cpp.o
Building CXX object CMakeFiles/simsearch.dir/src/embedding_io.cpp.o
Building CXX object CMakeFiles/embedding_search_benchmark.dir/src/embedding_io.cpp.o
Building CXX object CMakeFiles/simsearch.dir/src/embedding_search_float.cpp.o
Building CXX object CMakeFiles/embedding_search_benchmark.dir/src/embedding_search_avx2.cpp.o
Building CXX object CMakeFiles/simsearch.dir/src/embedding_search_uint8_avx2.cpp.o
Building CXX object CMakeFiles/simsearch.dir/src/embedding_search_binary_avx2.cpp.o
Building CXX object CMakeFiles/simsearch.dir/src/embedding_utils.cpp.o
Building CXX object CMakeFiles/embedding_search_benchmark.dir/src/embedding_search_binary.cpp.o
Building CXX object CMakeFiles/embedding_search_benchmark.dir/src/embedding_search_uint8_avx2.cpp.o
Building CXX object CMakeFiles/embedding_search_benchmark.dir/src/embedding_search_float.cpp.o
Building CXX object CMakeFiles/embedding_search_benchmark.dir/src/embedding_search_binary_avx2.cpp.o
Building CXX object CMakeFiles/embedding_search_benchmark.dir/src/embedding_search_float16.cpp.o
Building CXX object CMakeFiles/simsearch.dir/src/optimized_embedding_search_avx2.cpp.o
Building CXX object CMakeFiles/embedding_search_benchmark.dir/src/optimized_embedding_search_uint8_avx2.cpp.o
Building CXX object CMakeFiles/simsearch.dir/src/optimized_embedding_search_uint8_avx2.cpp.o
Building CXX object CMakeFiles/embedding_search_benchmark.dir/src/embedding_utils.cpp.o
Building CXX object CMakeFiles/embedding_search_benchmark.dir/src/optimized_embedding_search_avx2.cpp.o
Building CXX object CMakeFiles/simsearch.dir/src/embedding_search_float16.cpp.o
Building CXX object CMakeFiles/embedding_search_benchmark.dir/src/optimized_embedding_search_binary_avx2.cpp.o
Building CXX object CMakeFiles/simsearch.dir/src/optimized_embedding_search_binary_avx2.cpp.o
Building CXX object CMakeFiles/simsearch.dir/src/embedding_search_mapped_float.cpp.o
Building CXX object CMakeFiles/embedding_search_benchmark.dir/src/embedding_search_mapped_float.cpp.o
In file included from /home/yunchih/code/simsearch/include/config.h:5,
                 from /home/yunchih/code/simsearch/include/config_manager.h:3,
                 from /home/yunchih/code/simsearch/include/embedding_search_base.h:2,
                 from /home/yunchih/code/simsearch/include/embedding_search_float.h:3,
                 from /home/yunchih/code/simsearch/src/embedding_search_float.cpp:1:
/home/yunchih/code/simsearch/build/_deps/json-src/include/nlohmann/json.hpp:5136:34: warning: space between quotes and suffix is deprecated in C++23 [-Wdeprecated-literal-operator]
 5136 | inline nlohmann::json operator "" _json(const char* s, std::size_t n)
      |                                  ^~
      |                                  --
/home/yunchih/code/simsearch/build/_deps/json-src/include/nlohmann/json.hpp:5136:34: warning: space between quotes and suffix is deprecated in C++23 [-Wdeprecated-literal-operator]
 5136 | inline nlohmann::json operator "" _json(const char* s, std::size_t n)
      |                                  ^~
      |                                  --
/home/yunchih/code/simsearch/build/_deps/json-src/include/nlohmann/json.hpp:5144:48: warning: space between quotes and suffix is deprecated in C++23 [-Wdeprecated-literal-operator]
 5144 | inline nlohmann::json::json_pointer operator "" _json_pointer(const char* s, std::size_t n)
      |                                                ^~
      |                                                --
/home/yunchih/code/simsearch/build/_deps/json-src/include/nlohmann/json.hpp:5144:48: warning: space between quotes and suffix is deprecated in C++23 [-Wdeprecated-literal-operator]
 5144 | inline nlohmann::json::json_pointer operator "" _json_pointer(const char* s, std::size_t n)
      |                                                ^~
      |                                                --
/home/yunchih/code/simsearch/build/_deps/json-src/include/nlohmann/json.hpp:5208:57: warning: space between quotes and suffix is deprecated in C++23 [-Wdeprecated-literal-operator]
 5208 |     using nlohmann::literals::json_literals::operator "" _json; // NOLINT(misc-unused-using-decls,google-global-names-in-headers)
      |                                                         ^~
      |                                                         --
/home/yunchih/code/simsearch/build/_deps/json-src/include/nlohmann/json.hpp:5208:57: warning: space between quotes and suffix is deprecated in C++23 [-Wdeprecated-literal-operator]
 5208 |     using nlohmann::literals::json_literals::operator "" _json; // NOLINT(misc-unused-using-decls,google-global-names-in-headers)
      |                                                         ^~
      |                                                         --
/home/yunchih/code/simsearch/build/_deps/json-src/include/nlohmann/json.hpp:5209:57: warning: space between quotes and suffix is deprecated in C++23 [-Wdeprecated-literal-operator]
 5209 |     using nlohmann::literals::json_literals::operator "" _json_pointer; //NOLINT(misc-unused-using-decls,google-global-names-in-headers)
      |                                                         ^~
      |                                                         --
/home/yunchih/code/simsearch/build/_deps/json-src/include/nlohmann/json.hpp:5209:57: warning: space between quotes and suffix is deprecated in C++23 [-Wdeprecated-literal-operator]
 5209 |     using nlohmann::literals::json_literals::operator "" _json_pointer; //NOLINT(misc-unused-using-decls,google-global-names-in-headers)
      |                                                         ^~
      |                                                         --
In file included from /home/yunchih/code/simsearch/include/config.h:5,
                 from /home/yunchih/code/simsearch/include/config_manager.h:3,
                 from /home/yunchih/code/simsearch/include/embedding_search_base.h:2,
                 from /home/yunchih/code/simsearch/include/embedding_search_binary.h:2,
                 from /home/yunchih/code/simsearch/src/embedding_search_binary.cpp:1:
/home/yunchih/code/simsearch/build/_deps/json-src/include/nlohmann/json.hpp:5136:34: warning: space between quotes and suffix is deprecated in C++23 [-Wdeprecated-literal-operator]
 5136 | inline nlohmann::json operator "" _json(const char* s, std::size_t n)
      |                                  ^~
      |                                  --
/home/yunchih/code/simsearch/build/_deps/json-src/include/nlohmann/json.hpp:5136:34: warning: space between quotes and suffix is deprecated in C++23 [-Wdeprecated-literal-operator]
 5136 | inline nlohmann::json operator "" _json(const char* s, std::size_t n)
      |                                  ^~
      |                                  --
/home/yunchih/code/simsearch/build/_deps/json-src/include/nlohmann/json.hpp:5144:48: warning: space between quotes and suffix is deprecated in C++23 [-Wdeprecated-literal-operator]
 5144 | inline nlohmann::json::json_pointer operator "" _json_pointer(const char* s, std::size_t n)
      |                                                ^~
      |                                                --
/home/yunchih/code/simsearch/build/_deps/json-src/include/nlohmann/json.hpp:5144:48: warning: space between quotes and suffix is deprecated in C++23 [-Wdeprecated-literal-operator]
 5144 | inline nlohmann::json::json_pointer operator "" _json_pointer(const char* s, std::size_t n)
      |                                                ^~
      |                                                --
/home/yunchih/code/simsearch/build/_deps/json-src/include/nlohmann/json.hpp:5208:57: warning: space between quotes and suffix is deprecated in C++23 [-Wdeprecated-literal-operator]
 5208 |     using nlohmann::literals::json_literals::operator "" _json; // NOLINT(misc-unused-using-decls,google-global-names-in-headers)
      |                                                         ^~
      |                                                         --
/home/yunchih/code/simsearch/build/_deps/json-src/include/nlohmann/json.hpp:5208:57: warning: space between quotes and suffix is deprecated in C++23 [-Wdeprecated-literal-operator]
 5208 |     using nlohmann::literals::json_literals::operator "" _json; // NOLINT(misc-unused-using-decls,google-global-names-in-headers)
      |                                                         ^~
      |                                                         --
/home/yunchih/code/simsearch/build/_deps/json-src/include/nlohmann/json.hpp:5209:57: warning: space between quotes and suffix is deprecated in C++23 [-Wdeprecated-literal-operator]
 5209 |     using nlohmann::literals::json_literals::operator "" _json_pointer; //NOLINT(misc-unused-using-decls,google-global-names-in-headers)
      |                                                         ^~
      |                                                         --
/home/yunchih/code/simsearch/build/_deps/json-src/include/nlohmann/json.hpp:5209:57: warning: space between quotes and suffix is deprecated in C++23 [-Wdeprecated-literal-operator]
 5209 |     using nlohmann::literals::json_literals::operator "" _json_pointer; //NOLINT(misc-unused-using-decls,google-global-names-in-headers)
      |                                                         ^~
      |                                                         --
In file included from /home/yunchih/code/simsearch/include/config.h:5,
                 from /home/yunchih/code/simsearch/include/config_manager.h:3,
                 from /home/yunchih/code/simsearch/include/embedding_search_base.h:2,
                 from /home/yunchih/code/simsearch/include/embedding_search_float16.h:2,
                 from /home/yunchih/code/simsearch/src/embedding_search_float16.cpp:1:
/home/yunchih/code/simsearch/build/_deps/json-src/include/nlohmann/json.hpp:5136:34: warning: space between quotes and suffix is deprecated in C++23 [-Wdeprecated-literal-operator]
 5136 | inline nlohmann::json operator "" _json(const char* s, std::size_t n)
      |                                  ^~
      |                                  --
/home/yunchih/code/simsearch/build/_deps/json-src/include/nlohmann/json.hpp:5136:34: warning: space between quotes and suffix is deprecated in C++23 [-Wdeprecated-literal-operator]
 5136 | inline nlohmann::json operator "" _json(const char* s, std::size_t n)
      |                                  ^~
      |                                  --
/home/yunchih/code/simsearch/build/_deps/json-src/include/nlohmann/json.hpp:5144:48: warning: space between quotes and suffix is deprecated in C++23 [-Wdeprecated-literal-operator]
 5144 | inline nlohmann::json::json_pointer operator "" _json_pointer(const char* s, std::size_t n)
      |                                                ^~
      |                                                --
/home/yunchih/code/simsearch/build/_deps/json-src/include/nlohmann/json.hpp:5144:48: warning: space between quotes and suffix is deprecated in C++23 [-Wdeprecated-literal-operator]
 5144 | inline nlohmann::json::json_pointer operator "" _json_pointer(const char* s, std::size_t n)
      |                                                ^~
      |                                                --
/home/yunchih/code/simsearch/build/_deps/json-src/include/nlohmann/json.hpp:5208:57: warning: space between quotes and suffix is deprecated in C++23 [-Wdeprecated-literal-operator]
 5208 |     using nlohmann::literals::json_literals::operator "" _json; // NOLINT(misc-unused-using-decls,google-global-names-in-headers)
      |                                                         ^~
      |                                                         --
/home/yunchih/code/simsearch/build/_deps/json-src/include/nlohmann/json.hpp:5208:57: warning: space between quotes and suffix is deprecated in C++23 [-Wdeprecated-literal-operator]
 5208 |     using nlohmann::literals::json_literals::operator "" _json; // NOLINT(misc-unused-using-decls,google-global-names-in-headers)
      |                                                         ^~
      |                                                         --
/home/yunchih/code/simsearch/build/_deps/json-src/include/nlohmann/json.hpp:5209:57: warning: space between quotes and suffix is deprecated in C++23 [-Wdeprecated-literal-operator]
 5209 |     using nlohmann::literals::json_literals::operator "" _json_pointer; //NOLINT(misc-unused-using-decls,google-global-names-in-headers)
      |                                                         ^~
      |                                                         --
/home/yunchih/code/simsearch/build/_deps/json-src/include/nlohmann/json.hpp:5209:57: warning: space between quotes and suffix is deprecated in C++23 [-Wdeprecated-literal-operator]
 5209 |     using nlohmann::literals::json_literals::operator "" _json_pointer; //NOLINT(misc-unused-using-decls,google-global-names-in-headers)
      |                                                         ^~
      |                                                         --
In file included from /home/yunchih/code/simsearch/include/config.h:5,
                 from /home/yunchih/code/simsearch/include/config_manager.h:3,
                 from /home/yunchih/code/simsearch/include/embedding_search_base.h:2,
                 from /home/yunchih/code/simsearch/include/embedding_search_float.h:3,
                 from /home/yunchih/code/simsearch/src/embedding_search_float.cpp:1:
/home/yunchih/code/simsearch/build/_deps/json-src/include/nlohmann/json.hpp:5136:34: warning: space between quotes and suffix is deprecated in C++23 [-Wdeprecated-literal-operator]
 5136 | inline nlohmann::json operator "" _json(const char* s, std::size_t n)
      |                                  ^~
      |                                  --
In file included from /home/yunchih/code/simsearch/include/config.h:5,
                 from /home/yunchih/code/simsearch/include/config_manager.h:3,
                 from /home/yunchih/code/simsearch/include/embedding_search_base.h:2,
                 from /home/yunchih/code/simsearch/include/embedding_search_binary.h:2,
                 from /home/yunchih/code/simsearch/src/embedding_search_binary.cpp:1:
/home/yunchih/code/simsearch/build/_deps/json-src/include/nlohmann/json.hpp:5136:34: warning: space between quotes and suffix is deprecated in C++23 [-Wdeprecated-literal-operator]
 5136 | inline nlohmann::json operator "" _json(const char* s, std::size_t n)
      |                                  ^~
      |                                  --
/home/yunchih/code/simsearch/build/_deps/json-src/include/nlohmann/json.hpp:5136:34: warning: space between quotes and suffix is deprecated in C++23 [-Wdeprecated-literal-operator]
 5136 | inline nlohmann::json operator "" _json(const char* s, std::size_t n)
      |                                  ^~
      |                                  --
/home/yunchih/code/simsearch/build/_deps/json-src/include/nlohmann/json.hpp:5136:34: warning: space between quotes and suffix is deprecated in C++23 [-Wdeprecated-literal-operator]
 5136 | inline nlohmann::json operator "" _json(const char* s, std::size_t n)
      |                                  ^~
      |                                  --
/home/yunchih/code/simsearch/build/_deps/json-src/include/nlohmann/json.hpp:5144:48: warning: space between quotes and suffix is deprecated in C++23 [-Wdeprecated-literal-operator]
 5144 | inline nlohmann::json::json_pointer operator "" _json_pointer(const char* s, std::size_t n)
      |                                                ^~
      |                                                --
/home/yunchih/code/simsearch/build/_deps/json-src/include/nlohmann/json.hpp:5144:48: warning: space between quotes and suffix is deprecated in C++23 [-Wdeprecated-literal-operator]
 5144 | inline nlohmann::json::json_pointer operator "" _json_pointer(const char* s, std::size_t n)
      |                                                ^~
      |                                                --
/home/yunchih/code/simsearch/build/_deps/json-src/include/nlohmann/json.hpp:5144:48: warning: space between quotes and suffix is deprecated in C++23 [-Wdeprecated-literal-operator]
 5144 | inline nlohmann::json::json_pointer operator "" _json_pointer(const char* s, std::size_t n)
      |                                                ^~
      |                                                --
/home/yunchih/code/simsearch/build/_deps/json-src/include/nlohmann/json.hpp:5144:48: warning: space between quotes and suffix is deprecated in C++23 [-Wdeprecated-literal-operator]
 5144 | inline nlohmann::json::json_pointer operator "" _json_pointer(const char* s, std::size_t n)
      |                                                ^~
      |                                                --
/home/yunchih/code/simsearch/build/_deps/json-src/include/nlohmann/json.hpp:5208:57: warning: space between quotes and suffix is deprecated in C++23 [-Wdeprecated-literal-operator]
 5208 |     using nlohmann::literals::json_literals::operator "" _json; // NOLINT(misc-unused-using-decls,google-global-names-in-headers)
      |                                                         ^~
      |                                                         --
/home/yunchih/code/simsearch/build/_deps/json-src/include/nlohmann/json.hpp:5208:57: warning: space between quotes and suffix is deprecated in C++23 [-Wdeprecated-literal-operator]
 5208 |     using nlohmann::literals::json_literals::operator "" _json; // NOLINT(misc-unused-using-decls,google-global-names-in-headers)
      |                                                         ^~
      |                                                         --
/home/yunchih/code/simsearch/build/_deps/json-src/include/nlohmann/json.hpp:5209:57: warning: space between quotes and suffix is deprecated in C++23 [-Wdeprecated-literal-operator]
 5209 |     using nlohmann::literals::json_literals::operator "" _json_pointer; //NOLINT(misc-unused-using-decls,google-global-names-in-headers)
      |                                                         ^~
      |                                                         --
/home/yunchih/code/simsearch/build/_deps/json-src/include/nlohmann/json.hpp:5209:57: warning: space between quotes and suffix is deprecated in C++23 [-Wdeprecated-literal-operator]
 5209 |     using nlohmann::literals::json_literals::operator "" _json_pointer; //NOLINT(misc-unused-using-decls,google-global-names-in-headers)
      |                                                         ^~
      |                                                         --
/home/yunchih/code/simsearch/build/_deps/json-src/include/nlohmann/json.hpp:5208:57: warning: space between quotes and suffix is deprecated in C++23 [-Wdeprecated-literal-operator]
 5208 |     using nlohmann::literals::json_literals::operator "" _json; // NOLINT(misc-unused-using-decls,google-global-names-in-headers)
      |                                                         ^~
      |                                                         --
/home/yunchih/code/simsearch/build/_deps/json-src/include/nlohmann/json.hpp:5208:57: warning: space between quotes and suffix is deprecated in C++23 [-Wdeprecated-literal-operator]
 5208 |     using nlohmann::literals::json_literals::operator "" _json; // NOLINT(misc-unused-using-decls,google-global-names-in-headers)
      |                                                         ^~
      |                                                         --
/home/yunchih/code/simsearch/build/_deps/json-src/include/nlohmann/json.hpp:5209:57: warning: space between quotes and suffix is deprecated in C++23 [-Wdeprecated-literal-operator]
 5209 |     using nlohmann::literals::json_literals::operator "" _json_pointer; //NOLINT(misc-unused-using-decls,google-global-names-in-headers)
      |                                                         ^~
      |                                                         --
/home/yunchih/code/simsearch/build/_deps/json-src/include/nlohmann/json.hpp:5209:57: warning: space between quotes and suffix is deprecated in C++23 [-Wdeprecated-literal-operator]
 5209 |     using nlohmann::literals::json_literals::operator "" _json_pointer; //NOLINT(misc-unused-using-decls,google-global-names-in-headers)
      |                                                         ^~
      |                                                         --
In file included from /home/yunchih/code/simsearch/include/config.h:5,
                 from /home/yunchih/code/simsearch/include/config_manager.h:3,
                 from /home/yunchih/code/simsearch/include/embedding_search_base.h:2,
                 from /home/yunchih/code/simsearch/include/optimized_embedding_search_uint8_avx2.h:3,
                 from /home/yunchih/code/simsearch/src/optimized_embedding_search_uint8_avx2.cpp:1:
/home/yunchih/code/simsearch/build/_deps/json-src/include/nlohmann/json.hpp:5136:34: warning: space between quotes and suffix is deprecated in C++23 [-Wdeprecated-literal-operator]
 5136 | inline nlohmann::json operator "" _json(const char* s, std::size_t n)
      |                                  ^~
      |                                  --
/home/yunchih/code/simsearch/build/_deps/json-src/include/nlohmann/json.hpp:5136:34: warning: space between quotes and suffix is deprecated in C++23 [-Wdeprecated-literal-operator]
 5136 | inline nlohmann::json operator "" _json(const char* s, std::size_t n)
      |                                  ^~
      |                                  --
/home/yunchih/code/simsearch/build/_deps/json-src/include/nlohmann/json.hpp:5144:48: warning: space between quotes and suffix is deprecated in C++23 [-Wdeprecated-literal-operator]
 5144 | inline nlohmann::json::json_pointer operator "" _json_pointer(const char* s, std::size_t n)
      |                                                ^~
      |                                                --
/home/yunchih/code/simsearch/build/_deps/json-src/include/nlohmann/json.hpp:5144:48: warning: space between quotes and suffix is deprecated in C++23 [-Wdeprecated-literal-operator]
 5144 | inline nlohmann::json::json_pointer operator "" _json_pointer(const char* s, std::size_t n)
      |                                                ^~
      |                                                --
/home/yunchih/code/simsearch/build/_deps/json-src/include/nlohmann/json.hpp:5208:57: warning: space between quotes and suffix is deprecated in C++23 [-Wdeprecated-literal-operator]
 5208 |     using nlohmann::literals::json_literals::operator "" _json; // NOLINT(misc-unused-using-decls,google-global-names-in-headers)
      |                                                         ^~
      |                                                         --
/home/yunchih/code/simsearch/build/_deps/json-src/include/nlohmann/json.hpp:5208:57: warning: space between quotes and suffix is deprecated in C++23 [-Wdeprecated-literal-operator]
 5208 |     using nlohmann::literals::json_literals::operator "" _json; // NOLINT(misc-unused-using-decls,google-global-names-in-headers)
      |                                                         ^~
      |                                                         --
/home/yunchih/code/simsearch/build/_deps/json-src/include/nlohmann/json.hpp:5209:57: warning: space between quotes and suffix is deprecated in C++23 [-Wdeprecated-literal-operator]
 5209 |     using nlohmann::literals::json_literals::operator "" _json_pointer; //NOLINT(misc-unused-using-decls,google-global-names-in-headers)
      |                                                         ^~
      |                                                         --
/home/yunchih/code/simsearch/build/_deps/json-src/include/nlohmann/json.hpp:5209:57: warning: space between quotes and suffix is deprecated in C++23 [-Wdeprecated-literal-operator]
 5209 |     using nlohmann::literals::json_literals::operator "" _json_pointer; //NOLINT(misc-unused-using-decls,google-global-names-in-headers)
      |                                                         ^~
      |                                                         --
In file included from /home/yunchih/code/simsearch/include/config.h:5,
                 from /home/yunchih/code/simsearch/include/config_manager.h:3,
                 from /home/yunchih/code/simsearch/include/embedding_search_base.h:2,
                 from /home/yunchih/code/simsearch/include/embedding_search_avx2.h:3,
                 from /home/yunchih/code/simsearch/src/embedding_search_avx2.cpp:1:
/home/yunchih/code/simsearch/build/_deps/json-src/include/nlohmann/json.hpp:5136:34: warning: space between quotes and suffix is deprecated in C++23 [-Wdeprecated-literal-operator]
 5136 | inline nlohmann::json operator "" _json(const char* s, std::size_t n)
      |                                  ^~
      |                                  --
/home/yunchih/code/simsearch/build/_deps/json-src/include/nlohmann/json.hpp:5136:34: warning: space between quotes and suffix is deprecated in C++23 [-Wdeprecated-literal-operator]
 5136 | inline nlohmann::json operator "" _json(const char* s, std::size_t n)
      |                                  ^~
      |                                  --
/home/yunchih/code/simsearch/build/_deps/json-src/include/nlohmann/json.hpp:5144:48: warning: space between quotes and suffix is deprecated in C++23 [-Wdeprecated-literal-operator]
 5144 | inline nlohmann::json::json_pointer operator "" _json_pointer(const char* s, std::size_t n)
      |                                                ^~
      |                                                --
/home/yunchih/code/simsearch/build/_deps/json-src/include/nlohmann/json.hpp:5144:48: warning: space between quotes and suffix is deprecated in C++23 [-Wdeprecated-literal-operator]
 5144 | inline nlohmann::json::json_pointer operator "" _json_pointer(const char* s, std::size_t n)
      |                                                ^~
      |                                                --
/home/yunchih/code/simsearch/build/_deps/json-src/include/nlohmann/json.hpp:5208:57: warning: space between quotes and suffix is deprecated in C++23 [-Wdeprecated-literal-operator]
 5208 |     using nlohmann::literals::json_literals::operator "" _json; // NOLINT(misc-unused-using-decls,google-global-names-in-headers)
      |                                                         ^~
      |                                                         --
/home/yunchih/code/simsearch/build/_deps/json-src/include/nlohmann/json.hpp:5208:57: warning: space between quotes and suffix is deprecated in C++23 [-Wdeprecated-literal-operator]
 5208 |     using nlohmann::literals::json_literals::operator "" _json; // NOLINT(misc-unused-using-decls,google-global-names-in-headers)
      |                                                         ^~
      |                                                         --
/home/yunchih/code/simsearch/build/_deps/json-src/include/nlohmann/json.hpp:5209:57: warning: space between quotes and suffix is deprecated in C++23 [-Wdeprecated-literal-operator]
 5209 |     using nlohmann::literals::json_literals::operator "" _json_pointer; //NOLINT(misc-unused-using-decls,google-global-names-in-headers)
      |                                                         ^~
      |                                                         --
/home/yunchih/code/simsearch/build/_deps/json-src/include/nlohmann/json.hpp:5209:57: warning: space between quotes and suffix is deprecated in C++23 [-Wdeprecated-literal-operator]
 5209 |     using nlohmann::literals::json_literals::operator "" _json_pointer; //NOLINT(misc-unused-using-decls,google-global-names-in-headers)
      |                                                         ^~
      |                                                         --
In file included from /home/yunchih/code/simsearch/include/config.h:5,
                 from /home/yunchih/code/simsearch/include/config_manager.h:3,
                 from /home/yunchih/code/simsearch/include/embedding_search_base.h:2,
                 from /home/yunchih/code/simsearch/include/embedding_search_avx2.h:3,
                 from /home/yunchih/code/simsearch/include/common_structs.h:4,
                 from /home/yunchih/code/simsearch/include/stats_exporter.h:1,
                 from /home/yunchih/code/simsearch/src/main.cpp:1:
/home/yunchih/code/simsearch/build/_deps/json-src/include/nlohmann/json.hpp:5136:34: warning: space between quotes and suffix is deprecated in C++23 [-Wdeprecated-literal-operator]
 5136 | inline nlohmann::json operator "" _json(const char* s, std::size_t n)
      |                                  ^~
      |                                  --
/home/yunchih/code/simsearch/build/_deps/json-src/include/nlohmann/json.hpp:5136:34: warning: space between quotes and suffix is deprecated in C++23 [-Wdeprecated-literal-operator]
 5136 | inline nlohmann::json operator "" _json(const char* s, std::size_t n)
      |                                  ^~
      |                                  --
/home/yunchih/code/simsearch/build/_deps/json-src/include/nlohmann/json.hpp:5144:48: warning: space between quotes and suffix is deprecated in C++23 [-Wdeprecated-literal-operator]
 5144 | inline nlohmann::json::json_pointer operator "" _json_pointer(const char* s, std::size_t n)
      |                                                ^~
      |                                                --
/home/yunchih/code/simsearch/build/_deps/json-src/include/nlohmann/json.hpp:5144:48: warning: space between quotes and suffix is deprecated in C++23 [-Wdeprecated-literal-operator]
 5144 | inline nlohmann::json::json_pointer operator "" _json_pointer(const char* s, std::size_t n)
      |                                                ^~
      |                                                --
/home/yunchih/code/simsearch/build/_deps/json-src/include/nlohmann/json.hpp:5208:57: warning: space between quotes and suffix is deprecated in C++23 [-Wdeprecated-literal-operator]
 5208 |     using nlohmann::literals::json_literals::operator "" _json; // NOLINT(misc-unused-using-decls,google-global-names-in-headers)
      |                                                         ^~
      |                                                         --
/home/yunchih/code/simsearch/build/_deps/json-src/include/nlohmann/json.hpp:5208:57: warning: space between quotes and suffix is deprecated in C++23 [-Wdeprecated-literal-operator]
 5208 |     using nlohmann::literals::json_literals::operator "" _json; // NOLINT(misc-unused-using-decls,google-global-names-in-headers)
      |                                                         ^~
      |                                                         --
/home/yunchih/code/simsearch/build/_deps/json-src/include/nlohmann/json.hpp:5209:57: warning: space between quotes and suffix is deprecated in C++23 [-Wdeprecated-literal-operator]
 5209 |     using nlohmann::literals::json_literals::operator "" _json_pointer; //NOLINT(misc-unused-using-decls,google-global-names-in-headers)
      |                                                         ^~
      |                                                         --
/home/yunchih/code/simsearch/build/_deps/json-src/include/nlohmann/json.hpp:5209:57: warning: space between quotes and suffix is deprecated in C++23 [-Wdeprecated-literal-operator]
 5209 |     using nlohmann::literals::json_literals::operator "" _json_pointer; //NOLINT(misc-unused-using-decls,google-global-names-in-headers)
      |                                                         ^~
      |                                                         --
In file included from /home/yunchih/code/simsearch/include/config.h:5,
                 from /home/yunchih/code/simsearch/include/config_manager.h:3,
                 from /home/yunchih/code/simsearch/include/embedding_search_base.h:2,
                 from /home/yunchih/code/simsearch/include/embedding_search_float16.h:2,
                 from /home/yunchih/code/simsearch/src/embedding_search_float16.cpp:1:
/home/yunchih/code/simsearch/build/_deps/json-src/include/nlohmann/json.hpp:5136:34: warning: space between quotes and suffix is deprecated in C++23 [-Wdeprecated-literal-operator]
 5136 | inline nlohmann::json operator "" _json(const char* s, std::size_t n)
      |                                  ^~
      |                                  --
/home/yunchih/code/simsearch/build/_deps/json-src/include/nlohmann/json.hpp:5136:34: warning: space between quotes and suffix is deprecated in C++23 [-Wdeprecated-literal-operator]
 5136 | inline nlohmann::json operator "" _json(const char* s, std::size_t n)
      |                                  ^~
      |                                  --
/home/yunchih/code/simsearch/build/_deps/json-src/include/nlohmann/json.hpp:5144:48: warning: space between quotes and suffix is deprecated in C++23 [-Wdeprecated-literal-operator]
 5144 | inline nlohmann::json::json_pointer operator "" _json_pointer(const char* s, std::size_t n)
      |                                                ^~
      |                                                --
/home/yunchih/code/simsearch/build/_deps/json-src/include/nlohmann/json.hpp:5144:48: warning: space between quotes and suffix is deprecated in C++23 [-Wdeprecated-literal-operator]
 5144 | inline nlohmann::json::json_pointer operator "" _json_pointer(const char* s, std::size_t n)
      |                                                ^~
      |                                                --
/home/yunchih/code/simsearch/build/_deps/json-src/include/nlohmann/json.hpp:5208:57: warning: space between quotes and suffix is deprecated in C++23 [-Wdeprecated-literal-operator]
 5208 |     using nlohmann::literals::json_literals::operator "" _json; // NOLINT(misc-unused-using-decls,google-global-names-in-headers)
      |                                                         ^~
      |                                                         --
/home/yunchih/code/simsearch/build/_deps/json-src/include/nlohmann/json.hpp:5208:57: warning: space between quotes and suffix is deprecated in C++23 [-Wdeprecated-literal-operator]
 5208 |     using nlohmann::literals::json_literals::operator "" _json; // NOLINT(misc-unused-using-decls,google-global-names-in-headers)
      |                                                         ^~
      |                                                         --
/home/yunchih/code/simsearch/build/_deps/json-src/include/nlohmann/json.hpp:5209:57: warning: space between quotes and suffix is deprecated in C++23 [-Wdeprecated-literal-operator]
 5209 |     using nlohmann::literals::json_literals::operator "" _json_pointer; //NOLINT(misc-unused-using-decls,google-global-names-in-headers)
      |                                                         ^~
      |                                                         --
/home/yunchih/code/simsearch/build/_deps/json-src/include/nlohmann/json.hpp:5209:57: warning: space between quotes and suffix is deprecated in C++23 [-Wdeprecated-literal-operator]
 5209 |     using nlohmann::literals::json_literals::operator "" _json_pointer; //NOLINT(misc-unused-using-decls,google-global-names-in-headers)
      |                                                         ^~
      |                                                         --
In file included from /home/yunchih/code/simsearch/include/config.h:5,
                 from /home/yunchih/code/simsearch/include/config_manager.h:3,
                 from /home/yunchih/code/simsearch/include/embedding_search_base.h:2,
                 from /home/yunchih/code/simsearch/include/optimized_embedding_search_uint8_avx2.h:3,
                 from /home/yunchih/code/simsearch/src/optimized_embedding_search_uint8_avx2.cpp:1:
/home/yunchih/code/simsearch/build/_deps/json-src/include/nlohmann/json.hpp:5136:34: warning: space between quotes and suffix is deprecated in C++23 [-Wdeprecated-literal-operator]
 5136 | inline nlohmann::json operator "" _json(const char* s, std::size_t n)
      |                                  ^~
      |                                  --
/home/yunchih/code/simsearch/build/_deps/json-src/include/nlohmann/json.hpp:5136:34: warning: space between quotes and suffix is deprecated in C++23 [-Wdeprecated-literal-operator]
 5136 | inline nlohmann::json operator "" _json(const char* s, std::size_t n)
      |                                  ^~
      |                                  --
In file included from /home/yunchih/code/simsearch/include/config.h:5,
                 from /home/yunchih/code/simsearch/include/config_manager.h:3,
                 from /home/yunchih/code/simsearch/include/embedding_search_base.h:2,
                 from /home/yunchih/code/simsearch/include/embedding_search_binary_avx2.h:3,
                 from /home/yunchih/code/simsearch/src/embedding_search_binary_avx2.cpp:1:
/home/yunchih/code/simsearch/build/_deps/json-src/include/nlohmann/json.hpp:5136:34: warning: space between quotes and suffix is deprecated in C++23 [-Wdeprecated-literal-operator]
 5136 | inline nlohmann::json operator "" _json(const char* s, std::size_t n)
      |                                  ^~
      |                                  --
/home/yunchih/code/simsearch/build/_deps/json-src/include/nlohmann/json.hpp:5136:34: warning: space between quotes and suffix is deprecated in C++23 [-Wdeprecated-literal-operator]
 5136 | inline nlohmann::json operator "" _json(const char* s, std::size_t n)
      |                                  ^~
      |                                  --
/home/yunchih/code/simsearch/build/_deps/json-src/include/nlohmann/json.hpp:5144:48: warning: space between quotes and suffix is deprecated in C++23 [-Wdeprecated-literal-operator]
 5144 | inline nlohmann::json::json_pointer operator "" _json_pointer(const char* s, std::size_t n)
      |                                                ^~
      |                                                --
/home/yunchih/code/simsearch/build/_deps/json-src/include/nlohmann/json.hpp:5144:48: warning: space between quotes and suffix is deprecated in C++23 [-Wdeprecated-literal-operator]
 5144 | inline nlohmann::json::json_pointer operator "" _json_pointer(const char* s, std::size_t n)
      |                                                ^~
      |                                                --
/home/yunchih/code/simsearch/build/_deps/json-src/include/nlohmann/json.hpp:5208:57: warning: space between quotes and suffix is deprecated in C++23 [-Wdeprecated-literal-operator]
 5208 |     using nlohmann::literals::json_literals::operator "" _json; // NOLINT(misc-unused-using-decls,google-global-names-in-headers)
      |                                                         ^~
      |                                                         --
/home/yunchih/code/simsearch/build/_deps/json-src/include/nlohmann/json.hpp:5208:57: warning: space between quotes and suffix is deprecated in C++23 [-Wdeprecated-literal-operator]
 5208 |     using nlohmann::literals::json_literals::operator "" _json; // NOLINT(misc-unused-using-decls,google-global-names-in-headers)
      |                                                         ^~
      |                                                         --
/home/yunchih/code/simsearch/build/_deps/json-src/include/nlohmann/json.hpp:5209:57: warning: space between quotes and suffix is deprecated in C++23 [-Wdeprecated-literal-operator]
 5209 |     using nlohmann::literals::json_literals::operator "" _json_pointer; //NOLINT(misc-unused-using-decls,google-global-names-in-headers)
      |                                                         ^~
      |                                                         --
/home/yunchih/code/simsearch/build/_deps/json-src/include/nlohmann/json.hpp:5209:57: warning: space between quotes and suffix is deprecated in C++23 [-Wdeprecated-literal-operator]
 5209 |     using nlohmann::literals::json_literals::operator "" _json_pointer; //NOLINT(misc-unused-using-decls,google-global-names-in-headers)
      |                                                         ^~
      |                                                         --
/home/yunchih/code/simsearch/build/_deps/json-src/include/nlohmann/json.hpp:5144:48: warning: space between quotes and suffix is deprecated in C++23 [-Wdeprecated-literal-operator]
 5144 | inline nlohmann::json::json_pointer operator "" _json_pointer(const char* s, std::size_t n)
      |                                                ^~
      |                                                --
/home/yunchih/code/simsearch/build/_deps/json-src/include/nlohmann/json.hpp:5144:48: warning: space between quotes and suffix is deprecated in C++23 [-Wdeprecated-literal-operator]
 5144 | inline nlohmann::json::json_pointer operator "" _json_pointer(const char* s, std::size_t n)
      |                                                ^~
      |                                                --
/home/yunchih/code/simsearch/build/_deps/json-src/include/nlohmann/json.hpp:5208:57: warning: space between quotes and suffix is deprecated in C++23 [-Wdeprecated-literal-operator]
 5208 |     using nlohmann::literals::json_literals::operator "" _json; // NOLINT(misc-unused-using-decls,google-global-names-in-headers)
      |                                                         ^~
      |                                                         --
/home/yunchih/code/simsearch/build/_deps/json-src/include/nlohmann/json.hpp:5208:57: warning: space between quotes and suffix is deprecated in C++23 [-Wdeprecated-literal-operator]
 5208 |     using nlohmann::literals::json_literals::operator "" _json; // NOLINT(misc-unused-using-decls,google-global-names-in-headers)
      |                                                         ^~
      |                                                         --
/home/yunchih/code/simsearch/build/_deps/json-src/include/nlohmann/json.hpp:5209:57: warning: space between quotes and suffix is deprecated in C++23 [-Wdeprecated-literal-operator]
 5209 |     using nlohmann::literals::json_literals::operator "" _json_pointer; //NOLINT(misc-unused-using-decls,google-global-names-in-headers)
      |                                                         ^~
      |                                                         --
/home/yunchih/code/simsearch/build/_deps/json-src/include/nlohmann/json.hpp:5209:57: warning: space between quotes and suffix is deprecated in C++23 [-Wdeprecated-literal-operator]
 5209 |     using nlohmann::literals::json_literals::operator "" _json_pointer; //NOLINT(misc-unused-using-decls,google-global-names-in-headers)
      |                                                         ^~
      |                                                         --
In file included from /home/yunchih/code/simsearch/include/config.h:5,
                 from /home/yunchih/code/simsearch/include/config_manager.h:3,
                 from /home/yunchih/code/simsearch/include/embedding_search_base.h:2,
                 from /home/yunchih/code/simsearch/include/optimized_embedding_search_avx2.h:3,
                 from /home/yunchih/code/simsearch/src/optimized_embedding_search_avx2.cpp:1:
/home/yunchih/code/simsearch/build/_deps/json-src/include/nlohmann/json.hpp:5136:34: warning: space between quotes and suffix is deprecated in C++23 [-Wdeprecated-literal-operator]
 5136 | inline nlohmann::json operator "" _json(const char* s, std::size_t n)
      |                                  ^~
      |                                  --
In file included from /home/yunchih/code/simsearch/include/config.h:5,
                 from /home/yunchih/code/simsearch/include/config_manager.h:3,
                 from /home/yunchih/code/simsearch/include/embedding_search_base.h:2,
                 from /home/yunchih/code/simsearch/include/optimized_embedding_search_binary_avx2.h:4,
                 from /home/yunchih/code/simsearch/src/optimized_embedding_search_binary_avx2.cpp:1:
/home/yunchih/code/simsearch/build/_deps/json-src/include/nlohmann/json.hpp:5136:34: warning: space between quotes and suffix is deprecated in C++23 [-Wdeprecated-literal-operator]
 5136 | inline nlohmann::json operator "" _json(const char* s, std::size_t n)
      |                                  ^~
      |                                  --
/home/yunchih/code/simsearch/build/_deps/json-src/include/nlohmann/json.hpp:5136:34: warning: space between quotes and suffix is deprecated in C++23 [-Wdeprecated-literal-operator]
 5136 | inline nlohmann::json operator "" _json(const char* s, std::size_t n)
      |                                  ^~
      |                                  --
/home/yunchih/code/simsearch/build/_deps/json-src/include/nlohmann/json.hpp:5136:34: warning: space between quotes and suffix is deprecated in C++23 [-Wdeprecated-literal-operator]
 5136 | inline nlohmann::json operator "" _json(const char* s, std::size_t n)
      |                                  ^~
      |                                  --
In file included from /home/yunchih/code/simsearch/include/config.h:5,
                 from /home/yunchih/code/simsearch/include/config_manager.h:3,
                 from /home/yunchih/code/simsearch/include/embedding_search_base.h:2,
                 from /home/yunchih/code/simsearch/include/embedding_search_avx2.h:3,
                 from /home/yunchih/code/simsearch/src/embedding_search_avx2.cpp:1:
/home/yunchih/code/simsearch/build/_deps/json-src/include/nlohmann/json.hpp:5136:34: warning: space between quotes and suffix is deprecated in C++23 [-Wdeprecated-literal-operator]
 5136 | inline nlohmann::json operator "" _json(const char* s, std::size_t n)
      |                                  ^~
      |                                  --
/home/yunchih/code/simsearch/build/_deps/json-src/include/nlohmann/json.hpp:5136:34: warning: space between quotes and suffix is deprecated in C++23 [-Wdeprecated-literal-operator]
 5136 | inline nlohmann::json operator "" _json(const char* s, std::size_t n)
      |                                  ^~
      |                                  --
In file included from /home/yunchih/code/simsearch/src/embedding_io.cpp:20:
/home/yunchih/code/simsearch/build/_deps/json-src/include/nlohmann/json.hpp:5136:34: warning: space between quotes and suffix is deprecated in C++23 [-Wdeprecated-literal-operator]
 5136 | inline nlohmann::json operator "" _json(const char* s, std::size_t n)
      |                                  ^~
      |                                  --
/home/yunchih/code/simsearch/build/_deps/json-src/include/nlohmann/json.hpp:5136:34: warning: space between quotes and suffix is deprecated in C++23 [-Wdeprecated-literal-operator]
 5136 | inline nlohmann::json operator "" _json(const char* s, std::size_t n)
      |                                  ^~
      |                                  --
/home/yunchih/code/simsearch/build/_deps/json-src/include/nlohmann/json.hpp:5144:48: warning: space between quotes and suffix is deprecated in C++23 [-Wdeprecated-literal-operator]
 5144 | inline nlohmann::json::json_pointer operator "" _json_pointer(const char* s, std::size_t n)
      |                                                ^~
      |                                                --
/home/yunchih/code/simsearch/build/_deps/json-src/include/nlohmann/json.hpp:5144:48: warning: space between quotes and suffix is deprecated in C++23 [-Wdeprecated-literal-operator]
 5144 | inline nlohmann::json::json_pointer operator "" _json_pointer(const char* s, std::size_t n)
      |                                                ^~
      |                                                --
/home/yunchih/code/simsearch/build/_deps/json-src/include/nlohmann/json.hpp:5144:48: warning: space between quotes and suffix is deprecated in C++23 [-Wdeprecated-literal-operator]
 5144 | inline nlohmann::json::json_pointer operator "" _json_pointer(const char* s, std::size_t n)
      |                                                ^~
      |                                                --
/home/yunchih/code/simsearch/build/_deps/json-src/include/nlohmann/json.hpp:5144:48: warning: space between quotes and suffix is deprecated in C++23 [-Wdeprecated-literal-operator]
 5144 | inline nlohmann::json::json_pointer operator "" _json_pointer(const char* s, std::size_t n)
      |                                                ^~
      |                                                --
/home/yunchih/code/simsearch/build/_deps/json-src/include/nlohmann/json.hpp:5208:57: warning: space between quotes and suffix is deprecated in C++23 [-Wdeprecated-literal-operator]
 5208 |     using nlohmann::literals::json_literals::operator "" _json; // NOLINT(misc-unused-using-decls,google-global-names-in-headers)
      |                                                         ^~
      |                                                         --
/home/yunchih/code/simsearch/build/_deps/json-src/include/nlohmann/json.hpp:5208:57: warning: space between quotes and suffix is deprecated in C++23 [-Wdeprecated-literal-operator]
 5208 |     using nlohmann::literals::json_literals::operator "" _json; // NOLINT(misc-unused-using-decls,google-global-names-in-headers)
      |                                                         ^~
      |                                                         --
/home/yunchih/code/simsearch/build/_deps/json-src/include/nlohmann/json.hpp:5208:57: warning: space between quotes and suffix is deprecated in C++23 [-Wdeprecated-literal-operator]
 5208 |     using nlohmann::literals::json_literals::operator "" _json; // NOLINT(misc-unused-using-decls,google-global-names-in-headers)
      |                                                         ^~
      |                                                         --
/home/yunchih/code/simsearch/build/_deps/json-src/include/nlohmann/json.hpp:5208:57: warning: space between quotes and suffix is deprecated in C++23 [-Wdeprecated-literal-operator]
 5208 |     using nlohmann::literals::json_literals::operator "" _json; // NOLINT(misc-unused-using-decls,google-global-names-in-headers)
      |                                                         ^~
      |                                                         --
/home/yunchih/code/simsearch/build/_deps/json-src/include/nlohmann/json.hpp:5209:57: warning: space between quotes and suffix is deprecated in C++23 [-Wdeprecated-literal-operator]
 5209 |     using nlohmann::literals::json_literals::operator "" _json_pointer; //NOLINT(misc-unused-using-decls,google-global-names-in-headers)
      |                                                         ^~
      |                                                         --
/home/yunchih/code/simsearch/build/_deps/json-src/include/nlohmann/json.hpp:5209:57: warning: space between quotes and suffix is deprecated in C++23 [-Wdeprecated-literal-operator]
 5209 |     using nlohmann::literals::json_literals::operator "" _json_pointer; //NOLINT(misc-unused-using-decls,google-global-names-in-headers)
      |                                                         ^~
      |                                                         --
/home/yunchih/code/simsearch/build/_deps/json-src/include/nlohmann/json.hpp:5209:57: warning: space between quotes and suffix is deprecated in C++23 [-Wdeprecated-literal-operator]
 5209 |     using nlohmann::literals::json_literals::operator "" _json_pointer; //NOLINT(misc-unused-using-decls,google-global-names-in-headers)
      |                                                         ^~
      |                                                         --
/home/yunchih/code/simsearch/build/_deps/json-src/include/nlohmann/json.hpp:5209:57: warning: space between quotes and suffix is deprecated in C++23 [-Wdeprecated-literal-operator]
 5209 |     using nlohmann::literals::json_literals::operator "" _json_pointer; //NOLINT(misc-unused-using-decls,google-global-names-in-headers)
      |                                                         ^~
      |                                                         --
/home/yunchih/code/simsearch/build/_deps/json-src/include/nlohmann/json.hpp:5144:48: warning: space between quotes and suffix is deprecated in C++23 [-Wdeprecated-literal-operator]
 5144 | inline nlohmann::json::json_pointer operator "" _json_pointer(const char* s, std::size_t n)
      |                                                ^~
      |                                                --
/home/yunchih/code/simsearch/build/_deps/json-src/include/nlohmann/json.hpp:5144:48: warning: space between quotes and suffix is deprecated in C++23 [-Wdeprecated-literal-operator]
 5144 | inline nlohmann::json::json_pointer operator "" _json_pointer(const char* s, std::size_t n)
      |                                                ^~
      |                                                --
/home/yunchih/code/simsearch/build/_deps/json-src/include/nlohmann/json.hpp:5208:57: warning: space between quotes and suffix is deprecated in C++23 [-Wdeprecated-literal-operator]
 5208 |     using nlohmann::literals::json_literals::operator "" _json; // NOLINT(misc-unused-using-decls,google-global-names-in-headers)
      |                                                         ^~
      |                                                         --
In file included from /home/yunchih/code/simsearch/include/config.h:5,
                 from /home/yunchih/code/simsearch/include/config_manager.h:3,
                 from /home/yunchih/code/simsearch/include/embedding_search_base.h:2,
                 from /home/yunchih/code/simsearch/include/embedding_search_binary_avx2.h:3,
                 from /home/yunchih/code/simsearch/src/embedding_search_binary_avx2.cpp:1:
/home/yunchih/code/simsearch/build/_deps/json-src/include/nlohmann/json.hpp:5136:34: warning: space between quotes and suffix is deprecated in C++23 [-Wdeprecated-literal-operator]
 5136 | inline nlohmann::json operator "" _json(const char* s, std::size_t n)
      |                                  ^~
      |                                  --
/home/yunchih/code/simsearch/build/_deps/json-src/include/nlohmann/json.hpp:5208:57: warning: space between quotes and suffix is deprecated in C++23 [-Wdeprecated-literal-operator]
 5208 |     using nlohmann::literals::json_literals::operator "" _json; // NOLINT(misc-unused-using-decls,google-global-names-in-headers)
      |                                                         ^~
      |                                                         --
/home/yunchih/code/simsearch/build/_deps/json-src/include/nlohmann/json.hpp:5209:57: warning: space between quotes and suffix is deprecated in C++23 [-Wdeprecated-literal-operator]
 5209 |     using nlohmann::literals::json_literals::operator "" _json_pointer; //NOLINT(misc-unused-using-decls,google-global-names-in-headers)
      |                                                         ^~
      |                                                         --
/home/yunchih/code/simsearch/build/_deps/json-src/include/nlohmann/json.hpp:5136:34: warning: space between quotes and suffix is deprecated in C++23 [-Wdeprecated-literal-operator]
 5136 | inline nlohmann::json operator "" _json(const char* s, std::size_t n)
      |                                  ^~
      |                                  --
/home/yunchih/code/simsearch/build/_deps/json-src/include/nlohmann/json.hpp:5209:57: warning: space between quotes and suffix is deprecated in C++23 [-Wdeprecated-literal-operator]
 5209 |     using nlohmann::literals::json_literals::operator "" _json_pointer; //NOLINT(misc-unused-using-decls,google-global-names-in-headers)
      |                                                         ^~
      |                                                         --
/home/yunchih/code/simsearch/build/_deps/json-src/include/nlohmann/json.hpp:5144:48: warning: space between quotes and suffix is deprecated in C++23 [-Wdeprecated-literal-operator]
 5144 | inline nlohmann::json::json_pointer operator "" _json_pointer(const char* s, std::size_t n)
      |                                                ^~
      |                                                --
/home/yunchih/code/simsearch/build/_deps/json-src/include/nlohmann/json.hpp:5144:48: warning: space between quotes and suffix is deprecated in C++23 [-Wdeprecated-literal-operator]
 5144 | inline nlohmann::json::json_pointer operator "" _json_pointer(const char* s, std::size_t n)
      |                                                ^~
      |                                                --
/home/yunchih/code/simsearch/build/_deps/json-src/include/nlohmann/json.hpp:5208:57: warning: space between quotes and suffix is deprecated in C++23 [-Wdeprecated-literal-operator]
 5208 |     using nlohmann::literals::json_literals::operator "" _json; // NOLINT(misc-unused-using-decls,google-global-names-in-headers)
      |                                                         ^~
      |                                                         --
/home/yunchih/code/simsearch/build/_deps/json-src/include/nlohmann/json.hpp:5208:57: warning: space between quotes and suffix is deprecated in C++23 [-Wdeprecated-literal-operator]
 5208 |     using nlohmann::literals::json_literals::operator "" _json; // NOLINT(misc-unused-using-decls,google-global-names-in-headers)
      |                                                         ^~
      |                                                         --
/home/yunchih/code/simsearch/build/_deps/json-src/include/nlohmann/json.hpp:5209:57: warning: space between quotes and suffix is deprecated in C++23 [-Wdeprecated-literal-operator]
 5209 |     using nlohmann::literals::json_literals::operator "" _json_pointer; //NOLINT(misc-unused-using-decls,google-global-names-in-headers)
      |                                                         ^~
      |                                                         --
/home/yunchih/code/simsearch/build/_deps/json-src/include/nlohmann/json.hpp:5209:57: warning: space between quotes and suffix is deprecated in C++23 [-Wdeprecated-literal-operator]
 5209 |     using nlohmann::literals::json_literals::operator "" _json_pointer; //NOLINT(misc-unused-using-decls,google-global-names-in-headers)
      |                                                         ^~
      |                                                         --
In file included from /home/yunchih/code/simsearch/src/embedding_io.cpp:20:
/home/yunchih/code/simsearch/build/_deps/json-src/include/nlohmann/json.hpp:5136:34: warning: space between quotes and suffix is deprecated in C++23 [-Wdeprecated-literal-operator]
 5136 | inline nlohmann::json operator "" _json(const char* s, std::size_t n)
      |                                  ^~
      |                                  --
/home/yunchih/code/simsearch/build/_deps/json-src/include/nlohmann/json.hpp:5136:34: warning: space between quotes and suffix is deprecated in C++23 [-Wdeprecated-literal-operator]
 5136 | inline nlohmann::json operator "" _json(const char* s, std::size_t n)
      |                                  ^~
      |                                  --
/home/yunchih/code/simsearch/build/_deps/json-src/include/nlohmann/json.hpp:5144:48: warning: space between quotes and suffix is deprecated in C++23 [-Wdeprecated-literal-operator]
 5144 | inline nlohmann::json::json_pointer operator "" _json_pointer(const char* s, std::size_t n)
      |                                                ^~
      |                                                --
/home/yunchih/code/simsearch/build/_deps/json-src/include/nlohmann/json.hpp:5144:48: warning: space between quotes and suffix is deprecated in C++23 [-Wdeprecated-literal-operator]
 5144 | inline nlohmann::json::json_pointer operator "" _json_pointer(const char* s, std::size_t n)
      |                                                ^~
      |                                                --
/home/yunchih/code/simsearch/build/_deps/json-src/include/nlohmann/json.hpp:5208:57: warning: space between quotes and suffix is deprecated in C++23 [-Wdeprecated-literal-operator]
 5208 |     using nlohmann::literals::json_literals::operator "" _json; // NOLINT(misc-unused-using-decls,google-global-names-in-headers)
      |                                                         ^~
      |                                                         --
/home/yunchih/code/simsearch/build/_deps/json-src/include/nlohmann/json.hpp:5208:57: warning: space between quotes and suffix is deprecated in C++23 [-Wdeprecated-literal-operator]
 5208 |     using nlohmann::literals::json_literals::operator "" _json; // NOLINT(misc-unused-using-decls,google-global-names-in-headers)
      |                                                         ^~
      |                                                         --
/home/yunchih/code/simsearch/build/_deps/json-src/include/nlohmann/json.hpp:5209:57: warning: space between quotes and suffix is deprecated in C++23 [-Wdeprecated-literal-operator]
 5209 |     using nlohmann::literals::json_literals::operator "" _json_pointer; //NOLINT(misc-unused-using-decls,google-global-names-in-headers)
      |                                                         ^~
      |                                                         --
/home/yunchih/code/simsearch/build/_deps/json-src/include/nlohmann/json.hpp:5209:57: warning: space between quotes and suffix is deprecated in C++23 [-Wdeprecated-literal-operator]
 5209 |     using nlohmann::literals::json_literals::operator "" _json_pointer; //NOLINT(misc-unused-using-decls,google-global-names-in-headers)
      |                                                         ^~
      |                                                         --
/home/yunchih/code/simsearch/build/_deps/json-src/include/nlohmann/json.hpp:5144:48: warning: space between quotes and suffix is deprecated in C++23 [-Wdeprecated-literal-operator]
 5144 | inline nlohmann::json::json_pointer operator "" _json_pointer(const char* s, std::size_t n)
      |                                                ^~
      |                                                --
/home/yunchih/code/simsearch/build/_deps/json-src/include/nlohmann/json.hpp:5144:48: warning: space between quotes and suffix is deprecated in C++23 [-Wdeprecated-literal-operator]
 5144 | inline nlohmann::json::json_pointer operator "" _json_pointer(const char* s, std::size_t n)
      |                                                ^~
      |                                                --
/home/yunchih/code/simsearch/build/_deps/json-src/include/nlohmann/json.hpp:5208:57: warning: space between quotes and suffix is deprecated in C++23 [-Wdeprecated-literal-operator]
 5208 |     using nlohmann::literals::json_literals::operator "" _json; // NOLINT(misc-unused-using-decls,google-global-names-in-headers)
      |                                                         ^~
      |                                                         --
/home/yunchih/code/simsearch/build/_deps/json-src/include/nlohmann/json.hpp:5208:57: warning: space between quotes and suffix is deprecated in C++23 [-Wdeprecated-literal-operator]
 5208 |     using nlohmann::literals::json_literals::operator "" _json; // NOLINT(misc-unused-using-decls,google-global-names-in-headers)
      |                                                         ^~
      |                                                         --
/home/yunchih/code/simsearch/build/_deps/json-src/include/nlohmann/json.hpp:5209:57: warning: space between quotes and suffix is deprecated in C++23 [-Wdeprecated-literal-operator]
 5209 |     using nlohmann::literals::json_literals::operator "" _json_pointer; //NOLINT(misc-unused-using-decls,google-global-names-in-headers)
      |                                                         ^~
      |                                                         --
/home/yunchih/code/simsearch/build/_deps/json-src/include/nlohmann/json.hpp:5209:57: warning: space between quotes and suffix is deprecated in C++23 [-Wdeprecated-literal-operator]
 5209 |     using nlohmann::literals::json_literals::operator "" _json_pointer; //NOLINT(misc-unused-using-decls,google-global-names-in-headers)
      |                                                         ^~
      |                                                         --
In file included from /home/yunchih/code/simsearch/include/config.h:5,
                 from /home/yunchih/code/simsearch/include/config_manager.h:3,
                 from /home/yunchih/code/simsearch/include/embedding_search_base.h:2,
                 from /home/yunchih/code/simsearch/include/embedding_search_uint8_avx2.h:3,
                 from /home/yunchih/code/simsearch/src/embedding_search_uint8_avx2.cpp:1:
/home/yunchih/code/simsearch/build/_deps/json-src/include/nlohmann/json.hpp:5136:34: warning: space between quotes and suffix is deprecated in C++23 [-Wdeprecated-literal-operator]
 5136 | inline nlohmann::json operator "" _json(const char* s, std::size_t n)
      |                                  ^~
      |                                  --
/home/yunchih/code/simsearch/build/_deps/json-src/include/nlohmann/json.hpp:5136:34: warning: space between quotes and suffix is deprecated in C++23 [-Wdeprecated-literal-operator]
 5136 | inline nlohmann::json operator "" _json(const char* s, std::size_t n)
      |                                  ^~
      |                                  --
In file included from /home/yunchih/code/simsearch/include/config.h:5,
                 from /home/yunchih/code/simsearch/include/config_manager.h:3,
                 from /home/yunchih/code/simsearch/include/embedding_search_base.h:2,
                 from /home/yunchih/code/simsearch/include/embedding_search_uint8_avx2.h:3,
                 from /home/yunchih/code/simsearch/src/embedding_search_uint8_avx2.cpp:1:
/home/yunchih/code/simsearch/build/_deps/json-src/include/nlohmann/json.hpp:5136:34: warning: space between quotes and suffix is deprecated in C++23 [-Wdeprecated-literal-operator]
 5136 | inline nlohmann::json operator "" _json(const char* s, std::size_t n)
      |                                  ^~
      |                                  --
In file included from /home/yunchih/code/simsearch/include/config.h:5,
                 from /home/yunchih/code/simsearch/include/config_manager.h:3,
                 from /home/yunchih/code/simsearch/include/embedding_search_base.h:2,
                 from /home/yunchih/code/simsearch/include/embedding_search_mapped_float.h:3,
                 from /home/yunchih/code/simsearch/src/embedding_search_mapped_float.cpp:1:
/home/yunchih/code/simsearch/build/_deps/json-src/include/nlohmann/json.hpp:5136:34: warning: space between quotes and suffix is deprecated in C++23 [-Wdeprecated-literal-operator]
 5136 | inline nlohmann::json operator "" _json(const char* s, std::size_t n)
      |                                  ^~
      |                                  --
/home/yunchih/code/simsearch/build/_deps/json-src/include/nlohmann/json.hpp:5136:34: warning: space between quotes and suffix is deprecated in C++23 [-Wdeprecated-literal-operator]
 5136 | inline nlohmann::json operator "" _json(const char* s, std::size_t n)
      |                                  ^~
      |                                  --
/home/yunchih/code/simsearch/build/_deps/json-src/include/nlohmann/json.hpp:5136:34: warning: space between quotes and suffix is deprecated in C++23 [-Wdeprecated-literal-operator]
 5136 | inline nlohmann::json operator "" _json(const char* s, std::size_t n)
      |                                  ^~
      |                                  --
In file included from /home/yunchih/code/simsearch/include/config.h:5,
                 from /home/yunchih/code/simsearch/include/config_manager.h:3,
                 from /home/yunchih/code/simsearch/include/embedding_search_base.h:2,
                 from /home/yunchih/code/simsearch/include/optimized_embedding_search_binary_avx2.h:4,
                 from /home/yunchih/code/simsearch/src/optimized_embedding_search_binary_avx2.cpp:1:
/home/yunchih/code/simsearch/build/_deps/json-src/include/nlohmann/json.hpp:5136:34: warning: space between quotes and suffix is deprecated in C++23 [-Wdeprecated-literal-operator]
 5136 | inline nlohmann::json operator "" _json(const char* s, std::size_t n)
      |                                  ^~
      |                                  --
In file included from /home/yunchih/code/simsearch/include/config.h:5,
                 from /home/yunchih/code/simsearch/include/config_manager.h:3,
                 from /home/yunchih/code/simsearch/include/embedding_search_base.h:2,
                 from /home/yunchih/code/simsearch/include/optimized_embedding_search_avx2.h:3,
                 from /home/yunchih/code/simsearch/src/optimized_embedding_search_avx2.cpp:1:
/home/yunchih/code/simsearch/build/_deps/json-src/include/nlohmann/json.hpp:5136:34: warning: space between quotes and suffix is deprecated in C++23 [-Wdeprecated-literal-operator]
 5136 | inline nlohmann::json operator "" _json(const char* s, std::size_t n)
      |                                  ^~
      |                                  --
/home/yunchih/code/simsearch/build/_deps/json-src/include/nlohmann/json.hpp:5136:34: warning: space between quotes and suffix is deprecated in C++23 [-Wdeprecated-literal-operator]
 5136 | inline nlohmann::json operator "" _json(const char* s, std::size_t n)
      |                                  ^~
      |                                  --
/home/yunchih/code/simsearch/build/_deps/json-src/include/nlohmann/json.hpp:5136:34: warning: space between quotes and suffix is deprecated in C++23 [-Wdeprecated-literal-operator]
 5136 | inline nlohmann::json operator "" _json(const char* s, std::size_t n)
      |                                  ^~
      |                                  --
In file included from /home/yunchih/code/simsearch/include/config.h:5,
                 from /home/yunchih/code/simsearch/include/config_manager.h:3,
                 from /home/yunchih/code/simsearch/include/embedding_search_base.h:2,
                 from /home/yunchih/code/simsearch/include/embedding_search_mapped_float.h:3,
                 from /home/yunchih/code/simsearch/src/embedding_search_mapped_float.cpp:1:
/home/yunchih/code/simsearch/build/_deps/json-src/include/nlohmann/json.hpp:5136:34: warning: space between quotes and suffix is deprecated in C++23 [-Wdeprecated-literal-operator]
 5136 | inline nlohmann::json operator "" _json(const char* s, std::size_t n)
      |                                  ^~
      |                                  --
/home/yunchih/code/simsearch/build/_deps/json-src/include/nlohmann/json.hpp:5136:34: warning: space between quotes and suffix is deprecated in C++23 [-Wdeprecated-literal-operator]
 5136 | inline nlohmann::json operator "" _json(const char* s, std::size_t n)
      |                                  ^~
      |                                  --
/home/yunchih/code/simsearch/build/_deps/json-src/include/nlohmann/json.hpp:5144:48: warning: space between quotes and suffix is deprecated in C++23 [-Wdeprecated-literal-operator]
 5144 | inline nlohmann::json::json_pointer operator "" _json_pointer(const char* s, std::size_t n)
      |                                                ^~
      |                                                --
/home/yunchih/code/simsearch/build/_deps/json-src/include/nlohmann/json.hpp:5144:48: warning: space between quotes and suffix is deprecated in C++23 [-Wdeprecated-literal-operator]
 5144 | inline nlohmann::json::json_pointer operator "" _json_pointer(const char* s, std::size_t n)
      |                                                ^~
      |                                                --
/home/yunchih/code/simsearch/build/_deps/json-src/include/nlohmann/json.hpp:5144:48: warning: space between quotes and suffix is deprecated in C++23 [-Wdeprecated-literal-operator]
 5144 | inline nlohmann::json::json_pointer operator "" _json_pointer(const char* s, std::size_t n)
      |                                                ^~
      |                                                --
/home/yunchih/code/simsearch/build/_deps/json-src/include/nlohmann/json.hpp:5144:48: warning: space between quotes and suffix is deprecated in C++23 [-Wdeprecated-literal-operator]
 5144 | inline nlohmann::json::json_pointer operator "" _json_pointer(const char* s, std::size_t n)
      |                                                ^~
      |                                                --
/home/yunchih/code/simsearch/build/_deps/json-src/include/nlohmann/json.hpp:5144:48: warning: space between quotes and suffix is deprecated in C++23 [-Wdeprecated-literal-operator]
 5144 | inline nlohmann::json::json_pointer operator "" _json_pointer(const char* s, std::size_t n)
      |                                                ^~
      |                                                --
/home/yunchih/code/simsearch/build/_deps/json-src/include/nlohmann/json.hpp:5144:48: warning: space between quotes and suffix is deprecated in C++23 [-Wdeprecated-literal-operator]
 5144 | inline nlohmann::json::json_pointer operator "" _json_pointer(const char* s, std::size_t n)
      |                                                ^~
      |                                                --
/home/yunchih/code/simsearch/build/_deps/json-src/include/nlohmann/json.hpp:5144:48: warning: space between quotes and suffix is deprecated in C++23 [-Wdeprecated-literal-operator]
 5144 | inline nlohmann::json::json_pointer operator "" _json_pointer(const char* s, std::size_t n)
      |                                                ^~
      |                                                --
/home/yunchih/code/simsearch/build/_deps/json-src/include/nlohmann/json.hpp:5144:48: warning: space between quotes and suffix is deprecated in C++23 [-Wdeprecated-literal-operator]
 5144 | inline nlohmann::json::json_pointer operator "" _json_pointer(const char* s, std::size_t n)
      |                                                ^~
      |                                                --
/home/yunchih/code/simsearch/build/_deps/json-src/include/nlohmann/json.hpp:5144:48: warning: space between quotes and suffix is deprecated in C++23 [-Wdeprecated-literal-operator]
 5144 | inline nlohmann::json::json_pointer operator "" _json_pointer(const char* s, std::size_t n)
      |                                                ^~
      |                                                --
/home/yunchih/code/simsearch/build/_deps/json-src/include/nlohmann/json.hpp:5144:48: warning: space between quotes and suffix is deprecated in C++23 [-Wdeprecated-literal-operator]
 5144 | inline nlohmann::json::json_pointer operator "" _json_pointer(const char* s, std::size_t n)
      |                                                ^~
      |                                                --
/home/yunchih/code/simsearch/build/_deps/json-src/include/nlohmann/json.hpp:5208:57: warning: space between quotes and suffix is deprecated in C++23 [-Wdeprecated-literal-operator]
 5208 |     using nlohmann::literals::json_literals::operator "" _json; // NOLINT(misc-unused-using-decls,google-global-names-in-headers)
      |                                                         ^~
      |                                                         --
/home/yunchih/code/simsearch/build/_deps/json-src/include/nlohmann/json.hpp:5208:57: warning: space between quotes and suffix is deprecated in C++23 [-Wdeprecated-literal-operator]
 5208 |     using nlohmann::literals::json_literals::operator "" _json; // NOLINT(misc-unused-using-decls,google-global-names-in-headers)
      |                                                         ^~
      |                                                         --
/home/yunchih/code/simsearch/build/_deps/json-src/include/nlohmann/json.hpp:5209:57: warning: space between quotes and suffix is deprecated in C++23 [-Wdeprecated-literal-operator]
 5209 |     using nlohmann::literals::json_literals::operator "" _json_pointer; //NOLINT(misc-unused-using-decls,google-global-names-in-headers)
      |                                                         ^~
      |                                                         --
/home/yunchih/code/simsearch/build/_deps/json-src/include/nlohmann/json.hpp:5209:57: warning: space between quotes and suffix is deprecated in C++23 [-Wdeprecated-literal-operator]
 5209 |     using nlohmann::literals::json_literals::operator "" _json_pointer; //NOLINT(misc-unused-using-decls,google-global-names-in-headers)
      |                                                         ^~
      |                                                         --
/home/yunchih/code/simsearch/build/_deps/json-src/include/nlohmann/json.hpp:5208:57: warning: space between quotes and suffix is deprecated in C++23 [-Wdeprecated-literal-operator]
 5208 |     using nlohmann::literals::json_literals::operator "" _json; // NOLINT(misc-unused-using-decls,google-global-names-in-headers)
      |                                                         ^~
      |                                                         --
/home/yunchih/code/simsearch/build/_deps/json-src/include/nlohmann/json.hpp:5208:57: warning: space between quotes and suffix is deprecated in C++23 [-Wdeprecated-literal-operator]
 5208 |     using nlohmann::literals::json_literals::operator "" _json; // NOLINT(misc-unused-using-decls,google-global-names-in-headers)
      |                                                         ^~
      |                                                         --
/home/yunchih/code/simsearch/build/_deps/json-src/include/nlohmann/json.hpp:5208:57: warning: space between quotes and suffix is deprecated in C++23 [-Wdeprecated-literal-operator]
 5208 |     using nlohmann::literals::json_literals::operator "" _json; // NOLINT(misc-unused-using-decls,google-global-names-in-headers)
      |                                                         ^~
      |                                                         --
/home/yunchih/code/simsearch/build/_deps/json-src/include/nlohmann/json.hpp:5208:57: warning: space between quotes and suffix is deprecated in C++23 [-Wdeprecated-literal-operator]
 5208 |     using nlohmann::literals::json_literals::operator "" _json; // NOLINT(misc-unused-using-decls,google-global-names-in-headers)
      |                                                         ^~
      |                                                         --
/home/yunchih/code/simsearch/build/_deps/json-src/include/nlohmann/json.hpp:5209:57: warning: space between quotes and suffix is deprecated in C++23 [-Wdeprecated-literal-operator]
 5209 |     using nlohmann::literals::json_literals::operator "" _json_pointer; //NOLINT(misc-unused-using-decls,google-global-names-in-headers)
      |                                                         ^~
      |                                                         --
/home/yunchih/code/simsearch/build/_deps/json-src/include/nlohmann/json.hpp:5209:57: warning: space between quotes and suffix is deprecated in C++23 [-Wdeprecated-literal-operator]
 5209 |     using nlohmann::literals::json_literals::operator "" _json_pointer; //NOLINT(misc-unused-using-decls,google-global-names-in-headers)
      |                                                         ^~
      |                                                         --
/home/yunchih/code/simsearch/build/_deps/json-src/include/nlohmann/json.hpp:5209:57: warning: space between quotes and suffix is deprecated in C++23 [-Wdeprecated-literal-operator]
 5209 |     using nlohmann::literals::json_literals::operator "" _json_pointer; //NOLINT(misc-unused-using-decls,google-global-names-in-headers)
      |                                                         ^~
      |                                                         --
/home/yunchih/code/simsearch/build/_deps/json-src/include/nlohmann/json.hpp:5209:57: warning: space between quotes and suffix is deprecated in C++23 [-Wdeprecated-literal-operator]
 5209 |     using nlohmann::literals::json_literals::operator "" _json_pointer; //NOLINT(misc-unused-using-decls,google-global-names-in-headers)
      |                                                         ^~
      |                                                         --
/home/yunchih/code/simsearch/build/_deps/json-src/include/nlohmann/json.hpp:5208:57: warning: space between quotes and suffix is deprecated in C++23 [-Wdeprecated-literal-operator]
 5208 |     using nlohmann::literals::json_literals::operator "" _json; // NOLINT(misc-unused-using-decls,google-global-names-in-headers)
      |                                                         ^~
      |                                                         --
/home/yunchih/code/simsearch/build/_deps/json-src/include/nlohmann/json.hpp:5208:57: warning: space between quotes and suffix is deprecated in C++23 [-Wdeprecated-literal-operator]
 5208 |     using nlohmann::literals::json_literals::operator "" _json; // NOLINT(misc-unused-using-decls,google-global-names-in-headers)
      |                                                         ^~
      |                                                         --
/home/yunchih/code/simsearch/build/_deps/json-src/include/nlohmann/json.hpp:5208:57: warning: space between quotes and suffix is deprecated in C++23 [-Wdeprecated-literal-operator]
 5208 |     using nlohmann::literals::json_literals::operator "" _json; // NOLINT(misc-unused-using-decls,google-global-names-in-headers)
      |                                                         ^~
      |                                                         --
/home/yunchih/code/simsearch/build/_deps/json-src/include/nlohmann/json.hpp:5208:57: warning: space between quotes and suffix is deprecated in C++23 [-Wdeprecated-literal-operator]
 5208 |     using nlohmann::literals::json_literals::operator "" _json; // NOLINT(misc-unused-using-decls,google-global-names-in-headers)
      |                                                         ^~
      |                                                         --
/home/yunchih/code/simsearch/build/_deps/json-src/include/nlohmann/json.hpp:5209:57: warning: space between quotes and suffix is deprecated in C++23 [-Wdeprecated-literal-operator]
 5209 |     using nlohmann::literals::json_literals::operator "" _json_pointer; //NOLINT(misc-unused-using-decls,google-global-names-in-headers)
      |                                                         ^~
      |                                                         --
/home/yunchih/code/simsearch/build/_deps/json-src/include/nlohmann/json.hpp:5209:57: warning: space between quotes and suffix is deprecated in C++23 [-Wdeprecated-literal-operator]
 5209 |     using nlohmann::literals::json_literals::operator "" _json_pointer; //NOLINT(misc-unused-using-decls,google-global-names-in-headers)
      |                                                         ^~
      |                                                         --
/home/yunchih/code/simsearch/build/_deps/json-src/include/nlohmann/json.hpp:5209:57: warning: space between quotes and suffix is deprecated in C++23 [-Wdeprecated-literal-operator]
 5209 |     using nlohmann::literals::json_literals::operator "" _json_pointer; //NOLINT(misc-unused-using-decls,google-global-names-in-headers)
      |                                                         ^~
      |                                                         --
/home/yunchih/code/simsearch/build/_deps/json-src/include/nlohmann/json.hpp:5209:57: warning: space between quotes and suffix is deprecated in C++23 [-Wdeprecated-literal-operator]
 5209 |     using nlohmann::literals::json_literals::operator "" _json_pointer; //NOLINT(misc-unused-using-decls,google-global-names-in-headers)
      |                                                         ^~
      |                                                         --
/home/yunchih/code/simsearch/build/_deps/json-src/include/nlohmann/json.hpp:5144:48: warning: space between quotes and suffix is deprecated in C++23 [-Wdeprecated-literal-operator]
 5144 | inline nlohmann::json::json_pointer operator "" _json_pointer(const char* s, std::size_t n)
      |                                                ^~
      |                                                --
/home/yunchih/code/simsearch/build/_deps/json-src/include/nlohmann/json.hpp:5144:48: warning: space between quotes and suffix is deprecated in C++23 [-Wdeprecated-literal-operator]
 5144 | inline nlohmann::json::json_pointer operator "" _json_pointer(const char* s, std::size_t n)
      |                                                ^~
      |                                                --
/home/yunchih/code/simsearch/build/_deps/json-src/include/nlohmann/json.hpp:5208:57: warning: space between quotes and suffix is deprecated in C++23 [-Wdeprecated-literal-operator]
 5208 |     using nlohmann::literals::json_literals::operator "" _json; // NOLINT(misc-unused-using-decls,google-global-names-in-headers)
      |                                                         ^~
      |                                                         --
/home/yunchih/code/simsearch/build/_deps/json-src/include/nlohmann/json.hpp:5208:57: warning: space between quotes and suffix is deprecated in C++23 [-Wdeprecated-literal-operator]
 5208 |     using nlohmann::literals::json_literals::operator "" _json; // NOLINT(misc-unused-using-decls,google-global-names-in-headers)
      |                                                         ^~
      |                                                         --
/home/yunchih/code/simsearch/build/_deps/json-src/include/nlohmann/json.hpp:5209:57: warning: space between quotes and suffix is deprecated in C++23 [-Wdeprecated-literal-operator]
 5209 |     using nlohmann::literals::json_literals::operator "" _json_pointer; //NOLINT(misc-unused-using-decls,google-global-names-in-headers)
      |                                                         ^~
      |                                                         --
/home/yunchih/code/simsearch/build/_deps/json-src/include/nlohmann/json.hpp:5209:57: warning: space between quotes and suffix is deprecated in C++23 [-Wdeprecated-literal-operator]
 5209 |     using nlohmann::literals::json_literals::operator "" _json_pointer; //NOLINT(misc-unused-using-decls,google-global-names-in-headers)
      |                                                         ^~
      |                                                         --
In file included from /home/yunchih/code/simsearch/include/config.h:5,
                 from /home/yunchih/code/simsearch/include/config_manager.h:3,
                 from /home/yunchih/code/simsearch/include/embedding_search_base.h:2,
                 from /home/yunchih/code/simsearch/include/embedding_search_avx2.h:3,
                 from /home/yunchih/code/simsearch/include/common_structs.h:4,
                 from /home/yunchih/code/simsearch/src/embedding_search_benchmark_bindings.cpp:2:
/home/yunchih/code/simsearch/build/_deps/json-src/include/nlohmann/json.hpp:5136:34: warning: space between quotes and suffix is deprecated in C++23 [-Wdeprecated-literal-operator]
 5136 | inline nlohmann::json operator "" _json(const char* s, std::size_t n)
      |                                  ^~
      |                                  --
/home/yunchih/code/simsearch/build/_deps/json-src/include/nlohmann/json.hpp:5136:34: warning: space between quotes and suffix is deprecated in C++23 [-Wdeprecated-literal-operator]
 5136 | inline nlohmann::json operator "" _json(const char* s, std::size_t n)
      |                                  ^~
      |                                  --
/home/yunchih/code/simsearch/build/_deps/json-src/include/nlohmann/json.hpp:5144:48: warning: space between quotes and suffix is deprecated in C++23 [-Wdeprecated-literal-operator]
 5144 | inline nlohmann::json::json_pointer operator "" _json_pointer(const char* s, std::size_t n)
      |                                                ^~
      |                                                --
/home/yunchih/code/simsearch/build/_deps/json-src/include/nlohmann/json.hpp:5144:48: warning: space between quotes and suffix is deprecated in C++23 [-Wdeprecated-literal-operator]
 5144 | inline nlohmann::json::json_pointer operator "" _json_pointer(const char* s, std::size_t n)
      |                                                ^~
      |                                                --
/home/yunchih/code/simsearch/build/_deps/json-src/include/nlohmann/json.hpp:5208:57: warning: space between quotes and suffix is deprecated in C++23 [-Wdeprecated-literal-operator]
 5208 |     using nlohmann::literals::json_literals::operator "" _json; // NOLINT(misc-unused-using-decls,google-global-names-in-headers)
      |                                                         ^~
      |                                                         --
/home/yunchih/code/simsearch/build/_deps/json-src/include/nlohmann/json.hpp:5208:57: warning: space between quotes and suffix is deprecated in C++23 [-Wdeprecated-literal-operator]
 5208 |     using nlohmann::literals::json_literals::operator "" _json; // NOLINT(misc-unused-using-decls,google-global-names-in-headers)
      |                                                         ^~
      |                                                         --
/home/yunchih/code/simsearch/build/_deps/json-src/include/nlohmann/json.hpp:5209:57: warning: space between quotes and suffix is deprecated in C++23 [-Wdeprecated-literal-operator]
 5209 |     using nlohmann::literals::json_literals::operator "" _json_pointer; //NOLINT(misc-unused-using-decls,google-global-names-in-headers)
      |                                                         ^~
      |                                                         --
/home/yunchih/code/simsearch/build/_deps/json-src/include/nlohmann/json.hpp:5209:57: warning: space between quotes and suffix is deprecated in C++23 [-Wdeprecated-literal-operator]
 5209 |     using nlohmann::literals::json_literals::operator "" _json_pointer; //NOLINT(misc-unused-using-decls,google-global-names-in-headers)
      |                                                         ^~
      |                                                         --
In file included from /home/yunchih/code/simsearch/.venv/lib/python3.13/site-packages/pyarrow/include/parquet/encryption/encryption.h:28,
                 from /home/yunchih/code/simsearch/.venv/lib/python3.13/site-packages/pyarrow/include/parquet/properties.h:30,
                 from /home/yunchih/code/simsearch/.venv/lib/python3.13/site-packages/pyarrow/include/parquet/metadata.h:31,
                 from /home/yunchih/code/simsearch/.venv/lib/python3.13/site-packages/pyarrow/include/parquet/file_reader.h:27,
                 from /home/yunchih/code/simsearch/.venv/lib/python3.13/site-packages/pyarrow/include/parquet/arrow/reader.h:26,
                 from /home/yunchih/code/simsearch/src/embedding_io.cpp:22:
/home/yunchih/code/simsearch/src/embedding_io.cpp: In lambda function:
/home/yunchih/code/simsearch/src/embedding_io.cpp:394:31: warning: ‘arrow::Status parquet::arrow::FileReader::ReadRowGroup(int, const std::vector<int>&, std::shared_ptr<arrow::Table>*)’ is deprecated: Deprecated in 24.0.0. Use arrow::Result version instead. [-Wdeprecated-declarations]
  394 |           reader->ReadRowGroup(row_group, text_column, &batch.text_batch));
      |           ~~~~~~~~~~~~~~~~~~~~^~~~~~~~~~~~~~~~~~~~~~~~~~~~~~~~~~~~~~~~~~~
/home/yunchih/code/simsearch/.venv/lib/python3.13/site-packages/pyarrow/include/parquet/exception.h:83:44: note: in definition of macro ‘PARQUET_THROW_NOT_OK’
   83 |     ::arrow::Status _s = ::arrow::ToStatus(s);                \
      |                                            ^
/home/yunchih/code/simsearch/.venv/lib/python3.13/site-packages/pyarrow/include/parquet/arrow/reader.h:286:19: note: declared here
  286 |   ::arrow::Status ReadRowGroup(int i, const std::vector<int>& column_indices,
      |                   ^~~~~~~~~~~~
/home/yunchih/code/simsearch/src/embedding_io.cpp:395:48: warning: ‘arrow::Status parquet::arrow::FileReader::ReadRowGroup(int, const std::vector<int>&, std::shared_ptr<arrow::Table>*)’ is deprecated: Deprecated in 24.0.0. Use arrow::Result version instead. [-Wdeprecated-declarations]
  395 |       PARQUET_THROW_NOT_OK(reader->ReadRowGroup(row_group, embedding_columns,
      |                            ~~~~~~~~~~~~~~~~~~~~^~~~~~~~~~~~~~~~~~~~~~~~~~~~~~
  396 |                                                 &batch.embedding_batch));
      |                                                 ~~~~~~~~~~~~~~~~~~~~~~~
/home/yunchih/code/simsearch/.venv/lib/python3.13/site-packages/pyarrow/include/parquet/exception.h:83:44: note: in definition of macro ‘PARQUET_THROW_NOT_OK’
   83 |     ::arrow::Status _s = ::arrow::ToStatus(s);                \
      |                                            ^
/home/yunchih/code/simsearch/.venv/lib/python3.13/site-packages/pyarrow/include/parquet/arrow/reader.h:286:19: note: declared here
  286 |   ::arrow::Status ReadRowGroup(int i, const std::vector<int>& column_indices,
      |                   ^~~~~~~~~~~~
In file included from /home/yunchih/code/simsearch/.venv/lib/python3.13/site-packages/pyarrow/include/parquet/encryption/encryption.h:28,
                 from /home/yunchih/code/simsearch/.venv/lib/python3.13/site-packages/pyarrow/include/parquet/properties.h:30,
                 from /home/yunchih/code/simsearch/.venv/lib/python3.13/site-packages/pyarrow/include/parquet/metadata.h:31,
                 from /home/yunchih/code/simsearch/.venv/lib/python3.13/site-packages/pyarrow/include/parquet/file_reader.h:27,
                 from /home/yunchih/code/simsearch/.venv/lib/python3.13/site-packages/pyarrow/include/parquet/arrow/reader.h:26,
                 from /home/yunchih/code/simsearch/src/embedding_io.cpp:22:
/home/yunchih/code/simsearch/src/embedding_io.cpp: In lambda function:
/home/yunchih/code/simsearch/src/embedding_io.cpp:394:31: warning: ‘arrow::Status parquet::arrow::FileReader::ReadRowGroup(int, const std::vector<int>&, std::shared_ptr<arrow::Table>*)’ is deprecated: Deprecated in 24.0.0. Use arrow::Result version instead. [-Wdeprecated-declarations]
  394 |           reader->ReadRowGroup(row_group, text_column, &batch.text_batch));
      |           ~~~~~~~~~~~~~~~~~~~~^~~~~~~~~~~~~~~~~~~~~~~~~~~~~~~~~~~~~~~~~~~
/home/yunchih/code/simsearch/.venv/lib/python3.13/site-packages/pyarrow/include/parquet/exception.h:83:44: note: in definition of macro ‘PARQUET_THROW_NOT_OK’
   83 |     ::arrow::Status _s = ::arrow::ToStatus(s);                \
      |                                            ^
/home/yunchih/code/simsearch/.venv/lib/python3.13/site-packages/pyarrow/include/parquet/arrow/reader.h:286:19: note: declared here
  286 |   ::arrow::Status ReadRowGroup(int i, const std::vector<int>& column_indices,
      |                   ^~~~~~~~~~~~
/home/yunchih/code/simsearch/src/embedding_io.cpp:395:48: warning: ‘arrow::Status parquet::arrow::FileReader::ReadRowGroup(int, const std::vector<int>&, std::shared_ptr<arrow::Table>*)’ is deprecated: Deprecated in 24.0.0. Use arrow::Result version instead. [-Wdeprecated-declarations]
  395 |       PARQUET_THROW_NOT_OK(reader->ReadRowGroup(row_group, embedding_columns,
      |                            ~~~~~~~~~~~~~~~~~~~~^~~~~~~~~~~~~~~~~~~~~~~~~~~~~~
  396 |                                                 &batch.embedding_batch));
      |                                                 ~~~~~~~~~~~~~~~~~~~~~~~
/home/yunchih/code/simsearch/.venv/lib/python3.13/site-packages/pyarrow/include/parquet/exception.h:83:44: note: in definition of macro ‘PARQUET_THROW_NOT_OK’
   83 |     ::arrow::Status _s = ::arrow::ToStatus(s);                \
      |                                            ^
/home/yunchih/code/simsearch/.venv/lib/python3.13/site-packages/pyarrow/include/parquet/arrow/reader.h:286:19: note: declared here
  286 |   ::arrow::Status ReadRowGroup(int i, const std::vector<int>& column_indices,
      |                   ^~~~~~~~~~~~
Linking CXX shared module embedding_search_benchmark.so
Built target embedding_search_benchmark
Linking CXX executable simsearch
Built target simsearch
