embedding_dim: 1024
Processed row group 0 of 1
Loaded 100 embeddings of dimension 1024 from /home/yunchih/code/simsearch/python/out/1_2M_random_out_mixedbread.parquet
loading took 29ms
Start loading of oAVX2
vector_dim: 1024 STRIDE_DIST: 1 STRIDE_DIST in bytes: 4096
Loading of oAVX2 finished. Elapsed time: 0ms
Start loading of oBinary
Loading of oBinary finished. Elapsed time: 0ms
Start loading of mapped Float
Partition  0: size =          1 elements, range [-0.134687, -0.134687], avg = -0.134687
Partition  1: size =          1 elements, range [-0.119141, -0.119141], avg = -0.119141
Partition  2: size =          1 elements, range [-0.118745, -0.118745], avg = -0.118745
Partition  3: size =          1 elements, range [-0.113687, -0.113687], avg = -0.113687
Partition  4: size =          1 elements, range [-0.111117, -0.111117], avg = -0.111117
Partition  5: size =          1 elements, range [-0.110917, -0.110917], avg = -0.110917
Partition  6: size =          1 elements, range [-0.109873, -0.109873], avg = -0.109873
Partition  7: size =          1 elements, range [-0.109649, -0.109649], avg = -0.109649
Partition  8: size =          1 elements, range [-0.109524, -0.109524], avg = -0.109524
Partition  9: size =          1 elements, range [-0.109333, -0.109333], avg = -0.109333
Partition 10: size =          1 elements, range [-0.108667, -0.108667], avg = -0.108667
Partition 11: size =          1 elements, range [-0.108130, -0.108130], avg = -0.108130
Partition 12: size =          1 elements, range [-0.108047, -0.108047], avg = -0.108047
Partition 13: size =          1 elements, range [-0.107451, -0.107451], avg = -0.107451
Partition 14: size =          1 elements, range [-0.106551, -0.106551], avg = -0.106551
Partition 15: size =          1 elements, range [-0.106268, -0.106268], avg = -0.106268
Partition 16: size =          1 elements, range [-0.106178, -0.106178], avg = -0.106178
Partition 17: size =          1 elements, range [-0.105684, -0.105684], avg = -0.105684
Partition 18: size =          1 elements, range [-0.105360, -0.105360], avg = -0.105360
Partition 19: size =          1 elements, range [-0.105293, -0.105293], avg = -0.105293
Partition 20: size =          1 elements, range [-0.104985, -0.104985], avg = -0.104985
Partition 21: size =          1 elements, range [-0.104941, -0.104941], avg = -0.104941
Partition 22: size =          1 elements, range [-0.104844, -0.104844], avg = -0.104844
Partition 23: size =          1 elements, range [-0.104336, -0.104336], avg = -0.104336
Partition 24: size =          1 elements, range [-0.104136, -0.104136], avg = -0.104136
Partition 25: size =          2 elements, range [-0.102918, -0.102761], avg = -0.102839
Partition 26: size =          2 elements, range [-0.102362, -0.101686], avg = -0.102024
Partition 27: size =          2 elements, range [-0.100782, -0.100736], avg = -0.100759
Partition 28: size =          3 elements, range [-0.100481, -0.100273], avg = -0.100373
Partition 29: size =          3 elements, range [-0.100095, -0.099783], avg = -0.099945
Partition 30: size =          4 elements, range [-0.099604, -0.099124], avg = -0.099364
Partition 31: size =          4 elements, range [-0.099090, -0.098777], avg = -0.098962
Partition 32: size =          5 elements, range [-0.098400, -0.098031], avg = -0.098230
Partition 33: size =          5 elements, range [-0.097837, -0.097077], avg = -0.097362
Partition 34: size =          6 elements, range [-0.097067, -0.096254], avg = -0.096709
Partition 35: size =          7 elements, range [-0.096161, -0.095617], avg = -0.095897
Partition 36: size =          8 elements, range [-0.095562, -0.094475], avg = -0.095105
Partition 37: size =          9 elements, range [-0.094312, -0.093837], avg = -0.094100
Partition 38: size =         10 elements, range [-0.093681, -0.092545], avg = -0.092985
Partition 39: size =         11 elements, range [-0.092498, -0.091837], avg = -0.092245
Partition 40: size =         12 elements, range [-0.091817, -0.091233], avg = -0.091555
Partition 41: size =         14 elements, range [-0.091040, -0.090191], avg = -0.090601
Partition 42: size =         15 elements, range [-0.090126, -0.089023], avg = -0.089683
Partition 43: size =         17 elements, range [-0.088974, -0.087974], avg = -0.088519
Partition 44: size =         19 elements, range [-0.087924, -0.087137], avg = -0.087577
Partition 45: size =         21 elements, range [-0.087049, -0.086066], avg = -0.086551
Partition 46: size =         23 elements, range [-0.086045, -0.085183], avg = -0.085500
Partition 47: size =         26 elements, range [-0.085092, -0.083849], avg = -0.084509
Partition 48: size =         28 elements, range [-0.083839, -0.082836], avg = -0.083232
Partition 49: size =         31 elements, range [-0.082810, -0.082038], avg = -0.082445
Partition 50: size =         34 elements, range [-0.081988, -0.081186], avg = -0.081602
Partition 51: size =         38 elements, range [-0.081169, -0.080410], avg = -0.080787
Partition 52: size =         41 elements, range [-0.080402, -0.079313], avg = -0.079836
Partition 53: size =         46 elements, range [-0.079309, -0.078020], avg = -0.078557
Partition 54: size =         50 elements, range [-0.078014, -0.077121], avg = -0.077537
Partition 55: size =         55 elements, range [-0.077095, -0.076169], avg = -0.076637
Partition 56: size =         60 elements, range [-0.076140, -0.075214], avg = -0.075648
Partition 57: size =         65 elements, range [-0.075192, -0.074211], avg = -0.074623
Partition 58: size =         71 elements, range [-0.074186, -0.073161], avg = -0.073634
Partition 59: size =         78 elements, range [-0.073126, -0.072027], avg = -0.072630
Partition 60: size =         84 elements, range [-0.072011, -0.071192], avg = -0.071573
Partition 61: size =         92 elements, range [-0.071173, -0.070163], avg = -0.070636
Partition 62: size =         99 elements, range [-0.070159, -0.069185], avg = -0.069631
Partition 63: size =        108 elements, range [-0.069179, -0.068170], avg = -0.068651
Partition 64: size =        117 elements, range [-0.068164, -0.067035], avg = -0.067585
Partition 65: size =        126 elements, range [-0.067025, -0.066055], avg = -0.066541
Partition 66: size =        136 elements, range [-0.066050, -0.065020], avg = -0.065504
Partition 67: size =        147 elements, range [-0.065011, -0.063926], avg = -0.064463
Partition 68: size =        158 elements, range [-0.063909, -0.062909], avg = -0.063406
Partition 69: size =        170 elements, range [-0.062907, -0.062019], avg = -0.062461
Partition 70: size =        182 elements, range [-0.062016, -0.061062], avg = -0.061531
Partition 71: size =        196 elements, range [-0.061050, -0.060054], avg = -0.060538
Partition 72: size =        210 elements, range [-0.060053, -0.058988], avg = -0.059501
Partition 73: size =        225 elements, range [-0.058983, -0.057872], avg = -0.058426
Partition 74: size =        240 elements, range [-0.057862, -0.056858], avg = -0.057371
Partition 75: size =        256 elements, range [-0.056852, -0.055864], avg = -0.056348
Partition 76: size =        273 elements, range [-0.055864, -0.054818], avg = -0.055334
Partition 77: size =        291 elements, range [-0.054808, -0.053751], avg = -0.054274
Partition 78: size =        310 elements, range [-0.053748, -0.052621], avg = -0.053180
Partition 79: size =        329 elements, range [-0.052620, -0.051584], avg = -0.052106
Partition 80: size =        349 elements, range [-0.051583, -0.050521], avg = -0.051034
Partition 81: size =        370 elements, range [-0.050521, -0.049464], avg = -0.049955
Partition 82: size =        391 elements, range [-0.049461, -0.048433], avg = -0.048924
Partition 83: size =        414 elements, range [-0.048430, -0.047421], avg = -0.047899
Partition 84: size =        437 elements, range [-0.047421, -0.046354], avg = -0.046869
Partition 85: size =        461 elements, range [-0.046354, -0.045356], avg = -0.045847
Partition 86: size =        485 elements, range [-0.045356, -0.044347], avg = -0.044832
Partition 87: size =        511 elements, range [-0.044346, -0.043328], avg = -0.043821
Partition 88: size =        537 elements, range [-0.043326, -0.042327], avg = -0.042817
Partition 89: size =        563 elements, range [-0.042326, -0.041349], avg = -0.041853
Partition 90: size =        590 elements, range [-0.041348, -0.040337], avg = -0.040843
Partition 91: size =        618 elements, range [-0.040336, -0.039222], avg = -0.039776
Partition 92: size =        646 elements, range [-0.039222, -0.038147], avg = -0.038692
Partition 93: size =        675 elements, range [-0.038146, -0.037154], avg = -0.037651
Partition 94: size =        704 elements, range [-0.037154, -0.036102], avg = -0.036636
Partition 95: size =        733 elements, range [-0.036101, -0.035065], avg = -0.035586
Partition 96: size =        763 elements, range [-0.035064, -0.034042], avg = -0.034570
Partition 97: size =        793 elements, range [-0.034039, -0.032949], avg = -0.033505
Partition 98: size =        823 elements, range [-0.032948, -0.031852], avg = -0.032396
Partition 99: size =        853 elements, range [-0.031850, -0.030817], avg = -0.031322
Partition 100: size =        883 elements, range [-0.030816, -0.029767], avg = -0.030282
Partition 101: size =        913 elements, range [-0.029764, -0.028716], avg = -0.029240
Partition 102: size =        943 elements, range [-0.028715, -0.027662], avg = -0.028198
Partition 103: size =        973 elements, range [-0.027659, -0.026631], avg = -0.027146
Partition 104: size =       1003 elements, range [-0.026631, -0.025578], avg = -0.026100
Partition 105: size =       1032 elements, range [-0.025575, -0.024569], avg = -0.025064
Partition 106: size =       1061 elements, range [-0.024569, -0.023472], avg = -0.024016
Partition 107: size =       1089 elements, range [-0.023471, -0.022431], avg = -0.022957
Partition 108: size =       1117 elements, range [-0.022431, -0.021316], avg = -0.021867
Partition 109: size =       1144 elements, range [-0.021315, -0.020293], avg = -0.020791
Partition 110: size =       1170 elements, range [-0.020293, -0.019203], avg = -0.019761
Partition 111: size =       1195 elements, range [-0.019202, -0.018091], avg = -0.018634
Partition 112: size =       1219 elements, range [-0.018091, -0.017034], avg = -0.017552
Partition 113: size =       1243 elements, range [-0.017032, -0.015992], avg = -0.016509
Partition 114: size =       1265 elements, range [-0.015991, -0.014963], avg = -0.015478
Partition 115: size =       1286 elements, range [-0.014963, -0.013878], avg = -0.014409
Partition 116: size =       1306 elements, range [-0.013878, -0.012776], avg = -0.013327
Partition 117: size =       1324 elements, range [-0.012775, -0.011698], avg = -0.012239
Partition 118: size =       1341 elements, range [-0.011697, -0.010589], avg = -0.011132
Partition 119: size =       1357 elements, range [-0.010588, -0.009558], avg = -0.010074
Partition 120: size =       1371 elements, range [-0.009557, -0.008477], avg = -0.009024
Partition 121: size =       1384 elements, range [-0.008476, -0.007421], avg = -0.007944
Partition 122: size =       1395 elements, range [-0.007420, -0.006410], avg = -0.006927
Partition 123: size =       1404 elements, range [-0.006410, -0.005310], avg = -0.005860
Partition 124: size =       1412 elements, range [-0.005310, -0.004263], avg = -0.004775
Partition 125: size =       1418 elements, range [-0.004263, -0.003181], avg = -0.003701
Partition 126: size =       1422 elements, range [-0.003181, -0.002142], avg = -0.002668
Partition 127: size =       1425 elements, range [-0.002142, -0.001098], avg = -0.001621
Partition 128: size =       1459 elements, range [-0.001097, -0.000000], avg = -0.000534
Partition 129: size =       1411 elements, range [0.000001, 0.001049], avg = 0.000523
Partition 130: size =       1410 elements, range [0.001050, 0.002098], avg = 0.001566
Partition 131: size =       1407 elements, range [0.002098, 0.003150], avg = 0.002632
Partition 132: size =       1403 elements, range [0.003150, 0.004245], avg = 0.003689
Partition 133: size =       1396 elements, range [0.004245, 0.005373], avg = 0.004825
Partition 134: size =       1388 elements, range [0.005373, 0.006421], avg = 0.005882
Partition 135: size =       1379 elements, range [0.006421, 0.007477], avg = 0.006935
Partition 136: size =       1368 elements, range [0.007477, 0.008501], avg = 0.007987
Partition 137: size =       1355 elements, range [0.008505, 0.009605], avg = 0.009053
Partition 138: size =       1340 elements, range [0.009607, 0.010626], avg = 0.010111
Partition 139: size =       1324 elements, range [0.010627, 0.011703], avg = 0.011167
Partition 140: size =       1307 elements, range [0.011703, 0.012763], avg = 0.012223
Partition 141: size =       1288 elements, range [0.012763, 0.013748], avg = 0.013257
Partition 142: size =       1268 elements, range [0.013749, 0.014882], avg = 0.014307
Partition 143: size =       1247 elements, range [0.014882, 0.015979], avg = 0.015431
Partition 144: size =       1224 elements, range [0.015979, 0.017066], avg = 0.016529
Partition 145: size =       1200 elements, range [0.017068, 0.018114], avg = 0.017582
Partition 146: size =       1176 elements, range [0.018114, 0.019154], avg = 0.018646
Partition 147: size =       1150 elements, range [0.019154, 0.020204], avg = 0.019652
Partition 148: size =       1124 elements, range [0.020204, 0.021293], avg = 0.020740
Partition 149: size =       1096 elements, range [0.021296, 0.022393], avg = 0.021833
Partition 150: size =       1068 elements, range [0.022394, 0.023445], avg = 0.022905
Partition 151: size =       1040 elements, range [0.023445, 0.024484], avg = 0.023948
Partition 152: size =       1011 elements, range [0.024485, 0.025504], avg = 0.025003
Partition 153: size =        981 elements, range [0.025504, 0.026597], avg = 0.026063
Partition 154: size =        951 elements, range [0.026597, 0.027687], avg = 0.027153
Partition 155: size =        921 elements, range [0.027687, 0.028767], avg = 0.028244
Partition 156: size =        891 elements, range [0.028768, 0.029801], avg = 0.029284
Partition 157: size =        861 elements, range [0.029801, 0.030895], avg = 0.030346
Partition 158: size =        830 elements, range [0.030897, 0.032084], avg = 0.031493
Partition 159: size =        800 elements, range [0.032086, 0.033156], avg = 0.032606
Partition 160: size =        770 elements, range [0.033158, 0.034217], avg = 0.033689
Partition 161: size =        740 elements, range [0.034218, 0.035290], avg = 0.034774
Partition 162: size =        710 elements, range [0.035294, 0.036365], avg = 0.035826
Partition 163: size =        681 elements, range [0.036367, 0.037396], avg = 0.036860
Partition 164: size =        652 elements, range [0.037398, 0.038478], avg = 0.037962
Partition 165: size =        623 elements, range [0.038478, 0.039609], avg = 0.039039
Partition 166: size =        595 elements, range [0.039611, 0.040619], avg = 0.040136
Partition 167: size =        568 elements, range [0.040619, 0.041645], avg = 0.041144
Partition 168: size =        541 elements, range [0.041646, 0.042644], avg = 0.042154
Partition 169: size =        515 elements, range [0.042646, 0.043808], avg = 0.043238
Partition 170: size =        489 elements, range [0.043809, 0.044995], avg = 0.044390
Partition 171: size =        464 elements, range [0.044997, 0.046141], avg = 0.045589
Partition 172: size =        440 elements, range [0.046146, 0.047211], avg = 0.046681
Partition 173: size =        416 elements, range [0.047212, 0.048328], avg = 0.047760
Partition 174: size =        394 elements, range [0.048329, 0.049272], avg = 0.048804
Partition 175: size =        372 elements, range [0.049275, 0.050277], avg = 0.049764
Partition 176: size =        350 elements, range [0.050277, 0.051291], avg = 0.050772
Partition 177: size =        330 elements, range [0.051295, 0.052337], avg = 0.051817
Partition 178: size =        310 elements, range [0.052345, 0.053412], avg = 0.052853
Partition 179: size =        292 elements, range [0.053413, 0.054487], avg = 0.053950
Partition 180: size =        274 elements, range [0.054493, 0.055535], avg = 0.055018
Partition 181: size =        256 elements, range [0.055536, 0.056462], avg = 0.055999
Partition 182: size =        240 elements, range [0.056471, 0.057643], avg = 0.057023
Partition 183: size =        224 elements, range [0.057651, 0.058760], avg = 0.058127
Partition 184: size =        209 elements, range [0.058767, 0.059927], avg = 0.059347
Partition 185: size =        195 elements, range [0.059938, 0.061025], avg = 0.060450
Partition 186: size =        182 elements, range [0.061033, 0.062070], avg = 0.061521
Partition 187: size =        169 elements, range [0.062075, 0.063019], avg = 0.062509
Partition 188: size =        157 elements, range [0.063027, 0.064152], avg = 0.063580
Partition 189: size =        146 elements, range [0.064154, 0.065270], avg = 0.064715
Partition 190: size =        135 elements, range [0.065284, 0.066463], avg = 0.065842
Partition 191: size =        125 elements, range [0.066464, 0.067608], avg = 0.067050
Partition 192: size =        115 elements, range [0.067621, 0.068534], avg = 0.068070
Partition 193: size =        106 elements, range [0.068539, 0.069546], avg = 0.069057
Partition 194: size =         98 elements, range [0.069591, 0.070656], avg = 0.070097
Partition 195: size =         90 elements, range [0.070676, 0.071641], avg = 0.071178
Partition 196: size =         83 elements, range [0.071651, 0.072710], avg = 0.072208
Partition 197: size =         76 elements, range [0.072710, 0.073698], avg = 0.073219
Partition 198: size =         70 elements, range [0.073702, 0.074742], avg = 0.074193
Partition 199: size =         64 elements, range [0.074752, 0.075989], avg = 0.075371
Partition 200: size =         58 elements, range [0.076031, 0.077258], avg = 0.076603
Partition 201: size =         53 elements, range [0.077312, 0.078311], avg = 0.077787
Partition 202: size =         49 elements, range [0.078364, 0.079577], avg = 0.078940
Partition 203: size =         44 elements, range [0.079581, 0.080921], avg = 0.080149
Partition 204: size =         40 elements, range [0.080923, 0.082162], avg = 0.081640
Partition 205: size =         37 elements, range [0.082181, 0.083417], avg = 0.082851
Partition 206: size =         33 elements, range [0.083437, 0.084222], avg = 0.083928
Partition 207: size =         30 elements, range [0.084265, 0.085063], avg = 0.084626
Partition 208: size =         27 elements, range [0.085172, 0.086444], avg = 0.085740
Partition 209: size =         25 elements, range [0.086484, 0.087719], avg = 0.086986
Partition 210: size =         22 elements, range [0.087807, 0.088652], avg = 0.088305
Partition 211: size =         20 elements, range [0.088676, 0.089644], avg = 0.089184
Partition 212: size =         18 elements, range [0.089650, 0.090739], avg = 0.090242
Partition 213: size =         16 elements, range [0.091018, 0.093072], avg = 0.092066
Partition 214: size =         14 elements, range [0.093105, 0.094793], avg = 0.093799
Partition 215: size =         13 elements, range [0.095067, 0.096065], avg = 0.095577
Partition 216: size =         11 elements, range [0.096331, 0.097275], avg = 0.096798
Partition 217: size =         10 elements, range [0.097824, 0.098667], avg = 0.098202
Partition 218: size =          9 elements, range [0.099103, 0.100720], avg = 0.099876
Partition 219: size =          8 elements, range [0.100745, 0.103208], avg = 0.102232
Partition 220: size =          7 elements, range [0.103522, 0.106444], avg = 0.104691
Partition 221: size =          6 elements, range [0.106528, 0.112905], avg = 0.108650
Partition 222: size =          6 elements, range [0.203164, 0.221318], avg = 0.210261
Partition 223: size =          5 elements, range [0.223084, 0.228324], avg = 0.225970
Partition 224: size =          4 elements, range [0.229158, 0.230600], avg = 0.229826
Partition 225: size =          4 elements, range [0.232108, 0.233694], avg = 0.232874
Partition 226: size =          3 elements, range [0.233878, 0.236281], avg = 0.234685
Partition 227: size =          3 elements, range [0.237330, 0.238147], avg = 0.237856
Partition 228: size =          2 elements, range [0.239089, 0.239225], avg = 0.239157
Partition 229: size =          2 elements, range [0.241152, 0.241268], avg = 0.241210
Partition 230: size =          2 elements, range [0.241989, 0.243113], avg = 0.242551
Partition 231: size =          2 elements, range [0.243353, 0.243600], avg = 0.243476
Partition 232: size =          1 elements, range [0.243653, 0.243653], avg = 0.243653
Partition 233: size =          1 elements, range [0.244296, 0.244296], avg = 0.244296
Partition 234: size =          1 elements, range [0.244463, 0.244463], avg = 0.244463
Partition 235: size =          1 elements, range [0.244569, 0.244569], avg = 0.244569
Partition 236: size =          1 elements, range [0.244825, 0.244825], avg = 0.244825
Partition 237: size =          1 elements, range [0.244933, 0.244933], avg = 0.244933
Partition 238: size =          1 elements, range [0.245490, 0.245490], avg = 0.245490
Partition 239: size =          1 elements, range [0.246595, 0.246595], avg = 0.246595
Partition 240: size =          1 elements, range [0.246666, 0.246666], avg = 0.246666
Partition 241: size =          1 elements, range [0.247849, 0.247849], avg = 0.247849
Partition 242: size =          1 elements, range [0.248299, 0.248299], avg = 0.248299
Partition 243: size =          1 elements, range [0.248514, 0.248514], avg = 0.248514
Partition 244: size =          1 elements, range [0.248793, 0.248793], avg = 0.248793
Partition 245: size =          1 elements, range [0.249626, 0.249626], avg = 0.249626
Partition 246: size =          1 elements, range [0.250131, 0.250131], avg = 0.250131
Partition 247: size =          1 elements, range [0.250557, 0.250557], avg = 0.250557
Partition 248: size =          1 elements, range [0.251051, 0.251051], avg = 0.251051
Partition 249: size =          1 elements, range [0.251712, 0.251712], avg = 0.251712
Partition 250: size =          1 elements, range [0.252043, 0.252043], avg = 0.252043
Partition 251: size =          1 elements, range [0.252398, 0.252398], avg = 0.252398
Partition 252: size =          1 elements, range [0.252745, 0.252745], avg = 0.252745
Partition 253: size =          1 elements, range [0.253154, 0.253154], avg = 0.253154
Partition 254: size =          1 elements, range [0.253879, 0.253879], avg = 0.253879
Partition 255: size =         44 elements, range [0.254108, 0.308794], avg = 0.267168
Loading of mapped Float finished. Elapsed time: 7ms
1024
Loaded 100 vectors of dimension 1024
embedding_dim: 1024
Processed row group 0 of 1
Loaded 500 embeddings of dimension 1024 from /home/yunchih/code/simsearch/python/out/1_2M_random_out_mixedbread.parquet
loading took 26ms
Start loading of oAVX2
vector_dim: 1024 STRIDE_DIST: 1 STRIDE_DIST in bytes: 4096
Loading of oAVX2 finished. Elapsed time: 0ms
Start loading of oBinary
Loading of oBinary finished. Elapsed time: 1ms
Start loading of mapped Float
Partition  0: size =          1 elements, range [-0.134687, -0.134687], avg = -0.134687
Partition  1: size =          1 elements, range [-0.129347, -0.129347], avg = -0.129347
Partition  2: size =          1 elements, range [-0.127772, -0.127772], avg = -0.127772
Partition  3: size =          1 elements, range [-0.127751, -0.127751], avg = -0.127751
Partition  4: size =          1 elements, range [-0.127439, -0.127439], avg = -0.127439
Partition  5: size =          1 elements, range [-0.124287, -0.124287], avg = -0.124287
Partition  6: size =          1 elements, range [-0.123807, -0.123807], avg = -0.123807
Partition  7: size =          1 elements, range [-0.122019, -0.122019], avg = -0.122019
Partition  8: size =          1 elements, range [-0.120108, -0.120108], avg = -0.120108
Partition  9: size =          1 elements, range [-0.119141, -0.119141], avg = -0.119141
Partition 10: size =          1 elements, range [-0.119049, -0.119049], avg = -0.119049
Partition 11: size =          1 elements, range [-0.118745, -0.118745], avg = -0.118745
Partition 12: size =          1 elements, range [-0.117748, -0.117748], avg = -0.117748
Partition 13: size =          2 elements, range [-0.117679, -0.117392], avg = -0.117536
Partition 14: size =          2 elements, range [-0.117100, -0.117071], avg = -0.117086
Partition 15: size =          2 elements, range [-0.116042, -0.115403], avg = -0.115722
Partition 16: size =          3 elements, range [-0.115050, -0.114704], avg = -0.114892
Partition 17: size =          3 elements, range [-0.114661, -0.113728], avg = -0.114108
Partition 18: size =          4 elements, range [-0.113687, -0.113120], avg = -0.113338
Partition 19: size =          5 elements, range [-0.112994, -0.112066], avg = -0.112732
Partition 20: size =          5 elements, range [-0.111889, -0.111117], avg = -0.111483
Partition 21: size =          6 elements, range [-0.110917, -0.110216], avg = -0.110531
Partition 22: size =          7 elements, range [-0.110025, -0.109504], avg = -0.109763
Partition 23: size =          8 elements, range [-0.109333, -0.108224], avg = -0.108745
Partition 24: size =          9 elements, range [-0.108221, -0.107451], avg = -0.107945
Partition 25: size =         10 elements, range [-0.107371, -0.105974], avg = -0.106606
Partition 26: size =         12 elements, range [-0.105684, -0.104941], avg = -0.105284
Partition 27: size =         14 elements, range [-0.104844, -0.103399], avg = -0.104150
Partition 28: size =         15 elements, range [-0.103388, -0.102670], avg = -0.102992
Partition 29: size =         17 elements, range [-0.102665, -0.101495], avg = -0.102126
Partition 30: size =         20 elements, range [-0.101444, -0.100172], avg = -0.100748
Partition 31: size =         22 elements, range [-0.100140, -0.099645], avg = -0.099870
Partition 32: size =         25 elements, range [-0.099611, -0.098945], avg = -0.099275
Partition 33: size =         28 elements, range [-0.098909, -0.098097], avg = -0.098554
Partition 34: size =         32 elements, range [-0.098061, -0.096967], avg = -0.097554
Partition 35: size =         36 elements, range [-0.096889, -0.096141], avg = -0.096483
Partition 36: size =         40 elements, range [-0.096128, -0.095144], avg = -0.095676
Partition 37: size =         45 elements, range [-0.095140, -0.094207], avg = -0.094745
Partition 38: size =         50 elements, range [-0.094203, -0.093453], avg = -0.093819
Partition 39: size =         56 elements, range [-0.093416, -0.092330], avg = -0.092872
Partition 40: size =         63 elements, range [-0.092327, -0.091155], avg = -0.091738
Partition 41: size =         70 elements, range [-0.091135, -0.090290], avg = -0.090704
Partition 42: size =         78 elements, range [-0.090279, -0.089312], avg = -0.089811
Partition 43: size =         86 elements, range [-0.089288, -0.088240], avg = -0.088811
Partition 44: size =         96 elements, range [-0.088231, -0.087221], avg = -0.087694
Partition 45: size =        106 elements, range [-0.087189, -0.085945], avg = -0.086588
Partition 46: size =        117 elements, range [-0.085942, -0.085096], avg = -0.085543
Partition 47: size =        130 elements, range [-0.085092, -0.083954], avg = -0.084504
Partition 48: size =        143 elements, range [-0.083953, -0.082869], avg = -0.083390
Partition 49: size =        158 elements, range [-0.082843, -0.081988], avg = -0.082409
Partition 50: size =        173 elements, range [-0.081988, -0.081020], avg = -0.081465
Partition 51: size =        191 elements, range [-0.081016, -0.079926], avg = -0.080449
Partition 52: size =        209 elements, range [-0.079925, -0.079003], avg = -0.079480
Partition 53: size =        230 elements, range [-0.078996, -0.077995], avg = -0.078445
Partition 54: size =        252 elements, range [-0.077994, -0.077030], avg = -0.077515
Partition 55: size =        275 elements, range [-0.077029, -0.076036], avg = -0.076538
Partition 56: size =        301 elements, range [-0.076033, -0.074951], avg = -0.075499
Partition 57: size =        328 elements, range [-0.074947, -0.073861], avg = -0.074390
Partition 58: size =        358 elements, range [-0.073860, -0.072791], avg = -0.073312
Partition 59: size =        390 elements, range [-0.072786, -0.071757], avg = -0.072260
Partition 60: size =        424 elements, range [-0.071757, -0.070818], avg = -0.071300
Partition 61: size =        460 elements, range [-0.070816, -0.069760], avg = -0.070295
Partition 62: size =        499 elements, range [-0.069756, -0.068755], avg = -0.069271
Partition 63: size =        541 elements, range [-0.068750, -0.067798], avg = -0.068276
Partition 64: size =        585 elements, range [-0.067793, -0.066771], avg = -0.067276
Partition 65: size =        632 elements, range [-0.066771, -0.065768], avg = -0.066257
Partition 66: size =        682 elements, range [-0.065767, -0.064750], avg = -0.065244
Partition 67: size =        735 elements, range [-0.064745, -0.063739], avg = -0.064233
Partition 68: size =        792 elements, range [-0.063737, -0.062699], avg = -0.063204
Partition 69: size =        852 elements, range [-0.062698, -0.061682], avg = -0.062192
Partition 70: size =        915 elements, range [-0.061681, -0.060685], avg = -0.061170
Partition 71: size =        981 elements, range [-0.060684, -0.059687], avg = -0.060170
Partition 72: size =       1051 elements, range [-0.059686, -0.058677], avg = -0.059172
Partition 73: size =       1125 elements, range [-0.058676, -0.057661], avg = -0.058156
Partition 74: size =       1202 elements, range [-0.057661, -0.056662], avg = -0.057163
Partition 75: size =       1284 elements, range [-0.056662, -0.055650], avg = -0.056155
Partition 76: size =       1369 elements, range [-0.055650, -0.054594], avg = -0.055122
Partition 77: size =       1457 elements, range [-0.054594, -0.053605], avg = -0.054103
Partition 78: size =       1550 elements, range [-0.053605, -0.052617], avg = -0.053106
Partition 79: size =       1647 elements, range [-0.052616, -0.051582], avg = -0.052090
Partition 80: size =       1747 elements, range [-0.051581, -0.050524], avg = -0.051051
Partition 81: size =       1851 elements, range [-0.050523, -0.049521], avg = -0.050015
Partition 82: size =       1960 elements, range [-0.049521, -0.048496], avg = -0.048996
Partition 83: size =       2072 elements, range [-0.048496, -0.047457], avg = -0.047964
Partition 84: size =       2187 elements, range [-0.047456, -0.046449], avg = -0.046950
Partition 85: size =       2307 elements, range [-0.046449, -0.045415], avg = -0.045926
Partition 86: size =       2429 elements, range [-0.045415, -0.044394], avg = -0.044901
Partition 87: size =       2556 elements, range [-0.044394, -0.043357], avg = -0.043867
Partition 88: size =       2685 elements, range [-0.043356, -0.042370], avg = -0.042867
Partition 89: size =       2818 elements, range [-0.042369, -0.041330], avg = -0.041842
Partition 90: size =       2954 elements, range [-0.041330, -0.040306], avg = -0.040810
Partition 91: size =       3092 elements, range [-0.040306, -0.039240], avg = -0.039766
Partition 92: size =       3233 elements, range [-0.039239, -0.038185], avg = -0.038707
Partition 93: size =       3376 elements, range [-0.038185, -0.037136], avg = -0.037659
Partition 94: size =       3521 elements, range [-0.037136, -0.036083], avg = -0.036602
Partition 95: size =       3668 elements, range [-0.036083, -0.035032], avg = -0.035558
Partition 96: size =       3817 elements, range [-0.035031, -0.033983], avg = -0.034501
Partition 97: size =       3966 elements, range [-0.033983, -0.032943], avg = -0.033462
Partition 98: size =       4117 elements, range [-0.032943, -0.031853], avg = -0.032395
Partition 99: size =       4268 elements, range [-0.031853, -0.030806], avg = -0.031330
Partition 100: size =       4419 elements, range [-0.030806, -0.029768], avg = -0.030275
Partition 101: size =       4570 elements, range [-0.029768, -0.028712], avg = -0.029238
Partition 102: size =       4720 elements, range [-0.028711, -0.027664], avg = -0.028185
Partition 103: size =       4869 elements, range [-0.027664, -0.026620], avg = -0.027142
Partition 104: size =       5017 elements, range [-0.026620, -0.025571], avg = -0.026096
Partition 105: size =       5163 elements, range [-0.025571, -0.024512], avg = -0.025040
Partition 106: size =       5307 elements, range [-0.024512, -0.023436], avg = -0.023973
Partition 107: size =       5448 elements, range [-0.023436, -0.022371], avg = -0.022904
Partition 108: size =       5586 elements, range [-0.022371, -0.021296], avg = -0.021833
Partition 109: size =       5721 elements, range [-0.021296, -0.020228], avg = -0.020762
Partition 110: size =       5851 elements, range [-0.020228, -0.019143], avg = -0.019690
Partition 111: size =       5978 elements, range [-0.019142, -0.018091], avg = -0.018610
Partition 112: size =       6099 elements, range [-0.018091, -0.017031], avg = -0.017552
Partition 113: size =       6216 elements, range [-0.017031, -0.015975], avg = -0.016500
Partition 114: size =       6327 elements, range [-0.015974, -0.014922], avg = -0.015445
Partition 115: size =       6432 elements, range [-0.014922, -0.013859], avg = -0.014391
Partition 116: size =       6531 elements, range [-0.013859, -0.012787], avg = -0.013329
Partition 117: size =       6623 elements, range [-0.012787, -0.011731], avg = -0.012263
Partition 118: size =       6709 elements, range [-0.011731, -0.010648], avg = -0.011187
Partition 119: size =       6787 elements, range [-0.010648, -0.009582], avg = -0.010114
Partition 120: size =       6858 elements, range [-0.009582, -0.008508], avg = -0.009050
Partition 121: size =       6921 elements, range [-0.008508, -0.007432], avg = -0.007971
Partition 122: size =       6976 elements, range [-0.007432, -0.006380], avg = -0.006909
Partition 123: size =       7023 elements, range [-0.006379, -0.005311], avg = -0.005846
Partition 124: size =       7062 elements, range [-0.005311, -0.004249], avg = -0.004778
Partition 125: size =       7092 elements, range [-0.004249, -0.003185], avg = -0.003712
Partition 126: size =       7114 elements, range [-0.003185, -0.002131], avg = -0.002664
Partition 127: size =       7127 elements, range [-0.002131, -0.001080], avg = -0.001605
Partition 128: size =       7188 elements, range [-0.001080, -0.000000], avg = -0.000539
Partition 129: size =       7054 elements, range [0.000000, 0.001061], avg = 0.000538
Partition 130: size =       7049 elements, range [0.001061, 0.002130], avg = 0.001593
Partition 131: size =       7036 elements, range [0.002130, 0.003178], avg = 0.002653
Partition 132: size =       7014 elements, range [0.003178, 0.004245], avg = 0.003715
Partition 133: size =       6983 elements, range [0.004245, 0.005324], avg = 0.004787
Partition 134: size =       6943 elements, range [0.005324, 0.006385], avg = 0.005851
Partition 135: size =       6895 elements, range [0.006385, 0.007444], avg = 0.006915
Partition 136: size =       6839 elements, range [0.007444, 0.008494], avg = 0.007966
Partition 137: size =       6775 elements, range [0.008494, 0.009567], avg = 0.009029
Partition 138: size =       6703 elements, range [0.009567, 0.010612], avg = 0.010088
Partition 139: size =       6623 elements, range [0.010612, 0.011685], avg = 0.011148
Partition 140: size =       6536 elements, range [0.011685, 0.012747], avg = 0.012211
Partition 141: size =       6442 elements, range [0.012747, 0.013792], avg = 0.013274
Partition 142: size =       6341 elements, range [0.013792, 0.014887], avg = 0.014335
Partition 143: size =       6234 elements, range [0.014887, 0.015946], avg = 0.015416
Partition 144: size =       6121 elements, range [0.015946, 0.017035], avg = 0.016486
Partition 145: size =       6003 elements, range [0.017035, 0.018080], avg = 0.017554
Partition 146: size =       5880 elements, range [0.018080, 0.019174], avg = 0.018631
Partition 147: size =       5751 elements, range [0.019174, 0.020243], avg = 0.019706
Partition 148: size =       5619 elements, range [0.020244, 0.021304], avg = 0.020771
Partition 149: size =       5482 elements, range [0.021305, 0.022374], avg = 0.021841
Partition 150: size =       5343 elements, range [0.022374, 0.023423], avg = 0.022887
Partition 151: size =       5200 elements, range [0.023423, 0.024497], avg = 0.023950
Partition 152: size =       5055 elements, range [0.024497, 0.025559], avg = 0.025028
Partition 153: size =       4907 elements, range [0.025559, 0.026631], avg = 0.026090
Partition 154: size =       4758 elements, range [0.026631, 0.027697], avg = 0.027162
Partition 155: size =       4608 elements, range [0.027697, 0.028772], avg = 0.028240
Partition 156: size =       4456 elements, range [0.028772, 0.029818], avg = 0.029291
Partition 157: size =       4304 elements, range [0.029818, 0.030911], avg = 0.030364
Partition 158: size =       4153 elements, range [0.030911, 0.032001], avg = 0.031448
Partition 159: size =       4001 elements, range [0.032001, 0.033067], avg = 0.032531
Partition 160: size =       3850 elements, range [0.033067, 0.034128], avg = 0.033599
Partition 161: size =       3701 elements, range [0.034128, 0.035204], avg = 0.034664
Partition 162: size =       3552 elements, range [0.035204, 0.036289], avg = 0.035750
Partition 163: size =       3405 elements, range [0.036290, 0.037325], avg = 0.036802
Partition 164: size =       3260 elements, range [0.037325, 0.038426], avg = 0.037878
Partition 165: size =       3118 elements, range [0.038426, 0.039516], avg = 0.038963
Partition 166: size =       2978 elements, range [0.039516, 0.040586], avg = 0.040043
Partition 167: size =       2840 elements, range [0.040587, 0.041649], avg = 0.041121
Partition 168: size =       2706 elements, range [0.041649, 0.042741], avg = 0.042187
Partition 169: size =       2574 elements, range [0.042742, 0.043808], avg = 0.043275
Partition 170: size =       2446 elements, range [0.043808, 0.044937], avg = 0.044360
Partition 171: size =       2322 elements, range [0.044937, 0.046062], avg = 0.045496
Partition 172: size =       2201 elements, range [0.046062, 0.047145], avg = 0.046603
Partition 173: size =       2083 elements, range [0.047145, 0.048218], avg = 0.047683
Partition 174: size =       1970 elements, range [0.048219, 0.049287], avg = 0.048755
Partition 175: size =       1860 elements, range [0.049287, 0.050291], avg = 0.049787
Partition 176: size =       1754 elements, range [0.050292, 0.051369], avg = 0.050823
Partition 177: size =       1652 elements, range [0.051369, 0.052398], avg = 0.051877
Partition 178: size =       1554 elements, range [0.052398, 0.053475], avg = 0.052931
Partition 179: size =       1460 elements, range [0.053477, 0.054547], avg = 0.054010
Partition 180: size =       1370 elements, range [0.054548, 0.055627], avg = 0.055071
Partition 181: size =       1284 elements, range [0.055628, 0.056652], avg = 0.056131
Partition 182: size =       1202 elements, range [0.056652, 0.057792], avg = 0.057209
Partition 183: size =       1123 elements, range [0.057792, 0.058920], avg = 0.058344
Partition 184: size =       1049 elements, range [0.058921, 0.060032], avg = 0.059479
Partition 185: size =        978 elements, range [0.060035, 0.061112], avg = 0.060554
Partition 186: size =        911 elements, range [0.061113, 0.062177], avg = 0.061630
Partition 187: size =        847 elements, range [0.062177, 0.063193], avg = 0.062665
Partition 188: size =        787 elements, range [0.063194, 0.064306], avg = 0.063758
Partition 189: size =        730 elements, range [0.064308, 0.065504], avg = 0.064913
Partition 190: size =        676 elements, range [0.065505, 0.066705], avg = 0.066096
Partition 191: size =        626 elements, range [0.066708, 0.067702], avg = 0.067192
Partition 192: size =        579 elements, range [0.067703, 0.068738], avg = 0.068210
Partition 193: size =        534 elements, range [0.068738, 0.069914], avg = 0.069310
Partition 194: size =        492 elements, range [0.069918, 0.071040], avg = 0.070436
Partition 195: size =        453 elements, range [0.071040, 0.072213], avg = 0.071603
Partition 196: size =        417 elements, range [0.072214, 0.073308], avg = 0.072768
Partition 197: size =        383 elements, range [0.073311, 0.074427], avg = 0.073860
Partition 198: size =        351 elements, range [0.074428, 0.075610], avg = 0.075020
Partition 199: size =        322 elements, range [0.075611, 0.076882], avg = 0.076271
Partition 200: size =        294 elements, range [0.076883, 0.078072], avg = 0.077502
Partition 201: size =        269 elements, range [0.078074, 0.079359], avg = 0.078723
Partition 202: size =        245 elements, range [0.079364, 0.080536], avg = 0.079923
Partition 203: size =        224 elements, range [0.080546, 0.081993], avg = 0.081230
Partition 204: size =        204 elements, range [0.081997, 0.083303], avg = 0.082671
Partition 205: size =        185 elements, range [0.083317, 0.084485], avg = 0.083890
Partition 206: size =        168 elements, range [0.084507, 0.085811], avg = 0.085154
Partition 207: size =        152 elements, range [0.085827, 0.087140], avg = 0.086477
Partition 208: size =        138 elements, range [0.087142, 0.088470], avg = 0.087854
Partition 209: size =        125 elements, range [0.088473, 0.089843], avg = 0.089069
Partition 210: size =        113 elements, range [0.089852, 0.091420], avg = 0.090566
Partition 211: size =        102 elements, range [0.091421, 0.093230], avg = 0.092332
Partition 212: size =         92 elements, range [0.093259, 0.095259], avg = 0.094292
Partition 213: size =         82 elements, range [0.095275, 0.097824], avg = 0.096473
Partition 214: size =         74 elements, range [0.097878, 0.101042], avg = 0.099345
Partition 215: size =         66 elements, range [0.101109, 0.105162], avg = 0.102954
Partition 216: size =         59 elements, range [0.105210, 0.113147], avg = 0.108804
Partition 217: size =         53 elements, range [0.113542, 0.225902], avg = 0.191228
Partition 218: size =         48 elements, range [0.226039, 0.234546], avg = 0.230764
Partition 219: size =         42 elements, range [0.234703, 0.240868], avg = 0.238353
Partition 220: size =         38 elements, range [0.240905, 0.244559], avg = 0.242905
Partition 221: size =         34 elements, range [0.244569, 0.247241], avg = 0.245891
Partition 222: size =         30 elements, range [0.247373, 0.250787], avg = 0.249082
Partition 223: size =         26 elements, range [0.250804, 0.253193], avg = 0.251969
Partition 224: size =         23 elements, range [0.253257, 0.255160], avg = 0.254246
Partition 225: size =         21 elements, range [0.255288, 0.256353], avg = 0.255901
Partition 226: size =         18 elements, range [0.256467, 0.258404], avg = 0.257387
Partition 227: size =         16 elements, range [0.258476, 0.259806], avg = 0.258987
Partition 228: size =         14 elements, range [0.260185, 0.261214], avg = 0.260758
Partition 229: size =         12 elements, range [0.261223, 0.262769], avg = 0.261925
Partition 230: size =         11 elements, range [0.262949, 0.265094], avg = 0.264223
Partition 231: size =         10 elements, range [0.265119, 0.266230], avg = 0.265655
Partition 232: size =          8 elements, range [0.266392, 0.267861], avg = 0.266930
Partition 233: size =          7 elements, range [0.267874, 0.268304], avg = 0.268044
Partition 234: size =          6 elements, range [0.268420, 0.269172], avg = 0.268800
Partition 235: size =          5 elements, range [0.269197, 0.270510], avg = 0.270013
Partition 236: size =          5 elements, range [0.270663, 0.270902], avg = 0.270778
Partition 237: size =          4 elements, range [0.270958, 0.271430], avg = 0.271186
Partition 238: size =          3 elements, range [0.271739, 0.272518], avg = 0.272039
Partition 239: size =          3 elements, range [0.272768, 0.272838], avg = 0.272795
Partition 240: size =          3 elements, range [0.272999, 0.273372], avg = 0.273199
Partition 241: size =          2 elements, range [0.273768, 0.274014], avg = 0.273891
Partition 242: size =          2 elements, range [0.274026, 0.274057], avg = 0.274041
Partition 243: size =          1 elements, range [0.274599, 0.274599], avg = 0.274599
Partition 244: size =          1 elements, range [0.274679, 0.274679], avg = 0.274679
Partition 245: size =          1 elements, range [0.275402, 0.275402], avg = 0.275402
Partition 246: size =          1 elements, range [0.275422, 0.275422], avg = 0.275422
Partition 247: size =          1 elements, range [0.275545, 0.275545], avg = 0.275545
Partition 248: size =          1 elements, range [0.275574, 0.275574], avg = 0.275574
Partition 249: size =          1 elements, range [0.275676, 0.275676], avg = 0.275676
Partition 250: size =          1 elements, range [0.275696, 0.275696], avg = 0.275696
Partition 251: size =          1 elements, range [0.275767, 0.275767], avg = 0.275767
Partition 252: size =          1 elements, range [0.275878, 0.275878], avg = 0.275878
Partition 253: size =          1 elements, range [0.275992, 0.275992], avg = 0.275992
Partition 254: size =          1 elements, range [0.276046, 0.276046], avg = 0.276046
Partition 255: size =         58 elements, range [0.276275, 0.309709], avg = 0.286563
Loading of mapped Float finished. Elapsed time: 27ms
1024
Loaded 500 vectors of dimension 1024
embedding_dim: 1024
Processed row group 0 of 1
Loaded 1000 embeddings of dimension 1024 from /home/yunchih/code/simsearch/python/out/1_2M_random_out_mixedbread.parquet
loading took 34ms
Start loading of oAVX2
vector_dim: 1024 STRIDE_DIST: 1 STRIDE_DIST in bytes: 4096
Loading of oAVX2 finished. Elapsed time: 0ms
Start loading of oBinary
Loading of oBinary finished. Elapsed time: 3ms
Start loading of mapped Float
Partition  0: size =          1 elements, range [-0.140929, -0.140929], avg = -0.140929
Partition  1: size =          1 elements, range [-0.134689, -0.134689], avg = -0.134689
Partition  2: size =          1 elements, range [-0.134689, -0.134689], avg = -0.134689
Partition  3: size =          1 elements, range [-0.134687, -0.134687], avg = -0.134687
Partition  4: size =          1 elements, range [-0.132350, -0.132350], avg = -0.132350
Partition  5: size =          1 elements, range [-0.131244, -0.131244], avg = -0.131244
Partition  6: size =          1 elements, range [-0.129347, -0.129347], avg = -0.129347
Partition  7: size =          1 elements, range [-0.127772, -0.127772], avg = -0.127772
Partition  8: size =          2 elements, range [-0.127751, -0.127554], avg = -0.127652
Partition  9: size =          2 elements, range [-0.127439, -0.127047], avg = -0.127243
Partition 10: size =          2 elements, range [-0.124287, -0.123913], avg = -0.124100
Partition 11: size =          3 elements, range [-0.123807, -0.122019], avg = -0.122866
Partition 12: size =          3 elements, range [-0.121782, -0.121147], avg = -0.121477
Partition 13: size =          4 elements, range [-0.120735, -0.119721], avg = -0.120220
Partition 14: size =          5 elements, range [-0.119382, -0.118977], avg = -0.119178
Partition 15: size =          5 elements, range [-0.118745, -0.117632], avg = -0.118085
Partition 16: size =          6 elements, range [-0.117619, -0.116804], avg = -0.117171
Partition 17: size =          7 elements, range [-0.116516, -0.115208], avg = -0.115747
Partition 18: size =          8 elements, range [-0.115202, -0.114222], avg = -0.114754
Partition 19: size =         10 elements, range [-0.113935, -0.112994], avg = -0.113458
Partition 20: size =         11 elements, range [-0.112981, -0.112194], avg = -0.112738
Partition 21: size =         13 elements, range [-0.112131, -0.111257], avg = -0.111706
Partition 22: size =         14 elements, range [-0.111117, -0.110047], avg = -0.110579
Partition 23: size =         17 elements, range [-0.110025, -0.109363], avg = -0.109706
Partition 24: size =         19 elements, range [-0.109333, -0.108227], avg = -0.108784
Partition 25: size =         21 elements, range [-0.108224, -0.107296], avg = -0.107772
Partition 26: size =         24 elements, range [-0.107137, -0.105789], avg = -0.106495
Partition 27: size =         28 elements, range [-0.105684, -0.104686], avg = -0.105196
Partition 28: size =         31 elements, range [-0.104594, -0.103579], avg = -0.104188
Partition 29: size =         35 elements, range [-0.103501, -0.102712], avg = -0.103048
Partition 30: size =         40 elements, range [-0.102682, -0.101604], avg = -0.102130
Partition 31: size =         45 elements, range [-0.101592, -0.100433], avg = -0.100939
Partition 32: size =         51 elements, range [-0.100398, -0.099666], avg = -0.099983
Partition 33: size =         57 elements, range [-0.099653, -0.098811], avg = -0.099206
Partition 34: size =         64 elements, range [-0.098800, -0.097837], avg = -0.098329
Partition 35: size =         72 elements, range [-0.097834, -0.096689], avg = -0.097257
Partition 36: size =         81 elements, range [-0.096676, -0.095696], avg = -0.096152
Partition 37: size =         90 elements, range [-0.095685, -0.094743], avg = -0.095191
Partition 38: size =        101 elements, range [-0.094742, -0.093727], avg = -0.094202
Partition 39: size =        113 elements, range [-0.093707, -0.092763], avg = -0.093230
Partition 40: size =        126 elements, range [-0.092759, -0.091700], avg = -0.092216
Partition 41: size =        140 elements, range [-0.091691, -0.090605], avg = -0.091079
Partition 42: size =        156 elements, range [-0.090602, -0.089654], avg = -0.090112
Partition 43: size =        173 elements, range [-0.089653, -0.088603], avg = -0.089106
Partition 44: size =        192 elements, range [-0.088600, -0.087674], avg = -0.088085
Partition 45: size =        212 elements, range [-0.087673, -0.086527], avg = -0.087065
Partition 46: size =        235 elements, range [-0.086518, -0.085458], avg = -0.085933
Partition 47: size =        259 elements, range [-0.085457, -0.084385], avg = -0.084951
Partition 48: size =        286 elements, range [-0.084381, -0.083365], avg = -0.083860
Partition 49: size =        316 elements, range [-0.083364, -0.082363], avg = -0.082810
Partition 50: size =        347 elements, range [-0.082361, -0.081352], avg = -0.081857
Partition 51: size =        382 elements, range [-0.081352, -0.080356], avg = -0.080864
Partition 52: size =        419 elements, range [-0.080356, -0.079361], avg = -0.079874
Partition 53: size =        460 elements, range [-0.079361, -0.078326], avg = -0.078827
Partition 54: size =        504 elements, range [-0.078324, -0.077328], avg = -0.077828
Partition 55: size =        551 elements, range [-0.077328, -0.076326], avg = -0.076835
Partition 56: size =        602 elements, range [-0.076324, -0.075269], avg = -0.075776
Partition 57: size =        657 elements, range [-0.075268, -0.074173], avg = -0.074683
Partition 58: size =        716 elements, range [-0.074165, -0.073031], avg = -0.073583
Partition 59: size =        779 elements, range [-0.073030, -0.072011], avg = -0.072509
Partition 60: size =        847 elements, range [-0.072010, -0.071054], avg = -0.071527
Partition 61: size =        920 elements, range [-0.071054, -0.070061], avg = -0.070551
Partition 62: size =        998 elements, range [-0.070059, -0.069040], avg = -0.069543
Partition 63: size =       1081 elements, range [-0.069038, -0.068009], avg = -0.068518
Partition 64: size =       1170 elements, range [-0.068009, -0.066992], avg = -0.067490
Partition 65: size =       1264 elements, range [-0.066991, -0.065951], avg = -0.066469
Partition 66: size =       1364 elements, range [-0.065950, -0.064919], avg = -0.065421
Partition 67: size =       1471 elements, range [-0.064918, -0.063902], avg = -0.064399
Partition 68: size =       1584 elements, range [-0.063901, -0.062886], avg = -0.063391
Partition 69: size =       1703 elements, range [-0.062886, -0.061844], avg = -0.062350
Partition 70: size =       1829 elements, range [-0.061843, -0.060814], avg = -0.061322
Partition 71: size =       1962 elements, range [-0.060814, -0.059819], avg = -0.060299
Partition 72: size =       2102 elements, range [-0.059819, -0.058790], avg = -0.059292
Partition 73: size =       2250 elements, range [-0.058790, -0.057742], avg = -0.058254
Partition 74: size =       2404 elements, range [-0.057742, -0.056720], avg = -0.057228
Partition 75: size =       2567 elements, range [-0.056720, -0.055721], avg = -0.056217
Partition 76: size =       2737 elements, range [-0.055720, -0.054683], avg = -0.055209
Partition 77: size =       2914 elements, range [-0.054683, -0.053658], avg = -0.054173
Partition 78: size =       3100 elements, range [-0.053657, -0.052643], avg = -0.053145
Partition 79: size =       3293 elements, range [-0.052643, -0.051618], avg = -0.052127
Partition 80: size =       3494 elements, range [-0.051618, -0.050553], avg = -0.051083
Partition 81: size =       3702 elements, range [-0.050553, -0.049530], avg = -0.050035
Partition 82: size =       3918 elements, range [-0.049530, -0.048505], avg = -0.049010
Partition 83: size =       4142 elements, range [-0.048504, -0.047469], avg = -0.047978
Partition 84: size =       4374 elements, range [-0.047469, -0.046452], avg = -0.046958
Partition 85: size =       4612 elements, range [-0.046452, -0.045426], avg = -0.045936
Partition 86: size =       4858 elements, range [-0.045426, -0.044403], avg = -0.044916
Partition 87: size =       5110 elements, range [-0.044403, -0.043370], avg = -0.043880
Partition 88: size =       5369 elements, range [-0.043370, -0.042356], avg = -0.042868
Partition 89: size =       5634 elements, range [-0.042356, -0.041300], avg = -0.041821
Partition 90: size =       5906 elements, range [-0.041300, -0.040249], avg = -0.040771
Partition 91: size =       6182 elements, range [-0.040249, -0.039204], avg = -0.039725
Partition 92: size =       6464 elements, range [-0.039204, -0.038144], avg = -0.038671
Partition 93: size =       6750 elements, range [-0.038144, -0.037090], avg = -0.037611
Partition 94: size =       7041 elements, range [-0.037089, -0.036063], avg = -0.036571
Partition 95: size =       7335 elements, range [-0.036063, -0.034997], avg = -0.035526
Partition 96: size =       7631 elements, range [-0.034996, -0.033945], avg = -0.034462
Partition 97: size =       7931 elements, range [-0.033945, -0.032894], avg = -0.033417
Partition 98: size =       8231 elements, range [-0.032894, -0.031824], avg = -0.032353
Partition 99: size =       8533 elements, range [-0.031824, -0.030776], avg = -0.031298
Partition 100: size =       8835 elements, range [-0.030776, -0.029722], avg = -0.030238
Partition 101: size =       9137 elements, range [-0.029722, -0.028670], avg = -0.029190
Partition 102: size =       9437 elements, range [-0.028670, -0.027627], avg = -0.028141
Partition 103: size =       9736 elements, range [-0.027626, -0.026583], avg = -0.027100
Partition 104: size =      10031 elements, range [-0.026583, -0.025533], avg = -0.026059
Partition 105: size =      10323 elements, range [-0.025533, -0.024481], avg = -0.025009
Partition 106: size =      10611 elements, range [-0.024481, -0.023411], avg = -0.023944
Partition 107: size =      10893 elements, range [-0.023411, -0.022337], avg = -0.022873
Partition 108: size =      11169 elements, range [-0.022337, -0.021259], avg = -0.021796
Partition 109: size =      11438 elements, range [-0.021259, -0.020201], avg = -0.020729
Partition 110: size =      11699 elements, range [-0.020201, -0.019116], avg = -0.019658
Partition 111: size =      11952 elements, range [-0.019116, -0.018054], avg = -0.018583
Partition 112: size =      12195 elements, range [-0.018054, -0.016991], avg = -0.017518
Partition 113: size =      12428 elements, range [-0.016991, -0.015934], avg = -0.016458
Partition 114: size =      12650 elements, range [-0.015934, -0.014890], avg = -0.015407
Partition 115: size =      12860 elements, range [-0.014890, -0.013826], avg = -0.014356
Partition 116: size =      13058 elements, range [-0.013825, -0.012761], avg = -0.013292
Partition 117: size =      13243 elements, range [-0.012760, -0.011705], avg = -0.012231
Partition 118: size =      13413 elements, range [-0.011705, -0.010625], avg = -0.011162
Partition 119: size =      13570 elements, range [-0.010625, -0.009569], avg = -0.010096
Partition 120: size =      13711 elements, range [-0.009569, -0.008504], avg = -0.009037
Partition 121: size =      13838 elements, range [-0.008504, -0.007425], avg = -0.007965
Partition 122: size =      13948 elements, range [-0.007425, -0.006376], avg = -0.006903
Partition 123: size =      14042 elements, range [-0.006376, -0.005320], avg = -0.005847
Partition 124: size =      14119 elements, range [-0.005319, -0.004253], avg = -0.004786
Partition 125: size =      14180 elements, range [-0.004253, -0.003182], avg = -0.003716
Partition 126: size =      14223 elements, range [-0.003182, -0.002124], avg = -0.002657
Partition 127: size =      14249 elements, range [-0.002124, -0.001076], avg = -0.001601
Partition 128: size =      14326 elements, range [-0.001076, -0.000000], avg = -0.000539
Partition 129: size =      14113 elements, range [0.000000, 0.001057], avg = 0.000532
Partition 130: size =      14104 elements, range [0.001057, 0.002127], avg = 0.001590
Partition 131: size =      14077 elements, range [0.002127, 0.003179], avg = 0.002653
Partition 132: size =      14033 elements, range [0.003179, 0.004240], avg = 0.003713
Partition 133: size =      13971 elements, range [0.004240, 0.005313], avg = 0.004775
Partition 134: size =      13892 elements, range [0.005313, 0.006375], avg = 0.005841
Partition 135: size =      13796 elements, range [0.006375, 0.007438], avg = 0.006904
Partition 136: size =      13684 elements, range [0.007439, 0.008493], avg = 0.007963
Partition 137: size =      13555 elements, range [0.008493, 0.009561], avg = 0.009023
Partition 138: size =      13411 elements, range [0.009561, 0.010615], avg = 0.010085
Partition 139: size =      13251 elements, range [0.010615, 0.011692], avg = 0.011147
Partition 140: size =      13077 elements, range [0.011692, 0.012746], avg = 0.012217
Partition 141: size =      12889 elements, range [0.012746, 0.013809], avg = 0.013277
Partition 142: size =      12687 elements, range [0.013809, 0.014893], avg = 0.014344
Partition 143: size =      12473 elements, range [0.014893, 0.015959], avg = 0.015426
Partition 144: size =      12248 elements, range [0.015959, 0.017027], avg = 0.016491
Partition 145: size =      12011 elements, range [0.017027, 0.018079], avg = 0.017553
Partition 146: size =      11764 elements, range [0.018079, 0.019156], avg = 0.018620
Partition 147: size =      11507 elements, range [0.019156, 0.020237], avg = 0.019695
Partition 148: size =      11242 elements, range [0.020237, 0.021288], avg = 0.020762
Partition 149: size =      10969 elements, range [0.021288, 0.022363], avg = 0.021828
Partition 150: size =      10690 elements, range [0.022363, 0.023421], avg = 0.022887
Partition 151: size =      10404 elements, range [0.023421, 0.024490], avg = 0.023952
Partition 152: size =      10113 elements, range [0.024490, 0.025571], avg = 0.025031
Partition 153: size =       9818 elements, range [0.025571, 0.026635], avg = 0.026096
Partition 154: size =       9520 elements, range [0.026635, 0.027706], avg = 0.027170
Partition 155: size =       9219 elements, range [0.027707, 0.028760], avg = 0.028233
Partition 156: size =       8916 elements, range [0.028760, 0.029797], avg = 0.029273
Partition 157: size =       8612 elements, range [0.029797, 0.030872], avg = 0.030330
Partition 158: size =       8309 elements, range [0.030872, 0.031958], avg = 0.031408
Partition 159: size =       8006 elements, range [0.031958, 0.033033], avg = 0.032493
Partition 160: size =       7704 elements, range [0.033033, 0.034091], avg = 0.033566
Partition 161: size =       7404 elements, range [0.034091, 0.035166], avg = 0.034624
Partition 162: size =       7107 elements, range [0.035166, 0.036270], avg = 0.035717
Partition 163: size =       6813 elements, range [0.036270, 0.037323], avg = 0.036791
Partition 164: size =       6524 elements, range [0.037324, 0.038414], avg = 0.037867
Partition 165: size =       6238 elements, range [0.038414, 0.039482], avg = 0.038936
Partition 166: size =       5958 elements, range [0.039482, 0.040537], avg = 0.040005
Partition 167: size =       5683 elements, range [0.040537, 0.041598], avg = 0.041064
Partition 168: size =       5414 elements, range [0.041598, 0.042647], avg = 0.042115
Partition 169: size =       5151 elements, range [0.042647, 0.043720], avg = 0.043183
Partition 170: size =       4895 elements, range [0.043720, 0.044806], avg = 0.044253
Partition 171: size =       4645 elements, range [0.044808, 0.045889], avg = 0.045345
Partition 172: size =       4403 elements, range [0.045890, 0.046973], avg = 0.046428
Partition 173: size =       4168 elements, range [0.046973, 0.048062], avg = 0.047513
Partition 174: size =       3941 elements, range [0.048063, 0.049128], avg = 0.048590
Partition 175: size =       3722 elements, range [0.049129, 0.050158], avg = 0.049640
Partition 176: size =       3510 elements, range [0.050159, 0.051235], avg = 0.050687
Partition 177: size =       3306 elements, range [0.051235, 0.052303], avg = 0.051766
Partition 178: size =       3110 elements, range [0.052303, 0.053396], avg = 0.052838
Partition 179: size =       2922 elements, range [0.053396, 0.054461], avg = 0.053922
Partition 180: size =       2742 elements, range [0.054461, 0.055559], avg = 0.055002
Partition 181: size =       2569 elements, range [0.055560, 0.056617], avg = 0.056077
Partition 182: size =       2405 elements, range [0.056617, 0.057724], avg = 0.057144
Partition 183: size =       2248 elements, range [0.057724, 0.058835], avg = 0.058270
Partition 184: size =       2099 elements, range [0.058835, 0.059933], avg = 0.059385
Partition 185: size =       1957 elements, range [0.059933, 0.060991], avg = 0.060455
Partition 186: size =       1823 elements, range [0.060991, 0.062079], avg = 0.061526
Partition 187: size =       1695 elements, range [0.062079, 0.063152], avg = 0.062612
Partition 188: size =       1575 elements, range [0.063153, 0.064267], avg = 0.063696
Partition 189: size =       1461 elements, range [0.064268, 0.065395], avg = 0.064825
Partition 190: size =       1354 elements, range [0.065397, 0.066543], avg = 0.065966
Partition 191: size =       1253 elements, range [0.066545, 0.067634], avg = 0.067096
Partition 192: size =       1158 elements, range [0.067634, 0.068733], avg = 0.068171
Partition 193: size =       1069 elements, range [0.068734, 0.069876], avg = 0.069298
Partition 194: size =        985 elements, range [0.069877, 0.070953], avg = 0.070393
Partition 195: size =        907 elements, range [0.070953, 0.072138], avg = 0.071528
Partition 196: size =        834 elements, range [0.072139, 0.073260], avg = 0.072698
Partition 197: size =        766 elements, range [0.073262, 0.074405], avg = 0.073816
Partition 198: size =        703 elements, range [0.074406, 0.075542], avg = 0.074964
Partition 199: size =        644 elements, range [0.075542, 0.076846], avg = 0.076197
Partition 200: size =        589 elements, range [0.076847, 0.078066], avg = 0.077452
Partition 201: size =        538 elements, range [0.078069, 0.079326], avg = 0.078698
Partition 202: size =        491 elements, range [0.079328, 0.080652], avg = 0.079947
Partition 203: size =        448 elements, range [0.080660, 0.081994], avg = 0.081306
Partition 204: size =        408 elements, range [0.081997, 0.083236], avg = 0.082641
Partition 205: size =        371 elements, range [0.083239, 0.084537], avg = 0.083864
Partition 206: size =        337 elements, range [0.084541, 0.085897], avg = 0.085259
Partition 207: size =        305 elements, range [0.085897, 0.087393], avg = 0.086609
Partition 208: size =        276 elements, range [0.087406, 0.088782], avg = 0.088118
Partition 209: size =        250 elements, range [0.088789, 0.090356], avg = 0.089544
Partition 210: size =        226 elements, range [0.090376, 0.092079], avg = 0.091108
Partition 211: size =        204 elements, range [0.092081, 0.094143], avg = 0.093103
Partition 212: size =        184 elements, range [0.094148, 0.096313], avg = 0.095181
Partition 213: size =        165 elements, range [0.096331, 0.099086], avg = 0.097616
Partition 214: size =        149 elements, range [0.099103, 0.102311], avg = 0.100576
Partition 215: size =        133 elements, range [0.102340, 0.107467], avg = 0.104758
Partition 216: size =        119 elements, range [0.107518, 0.209213], avg = 0.123229
Partition 217: size =        107 elements, range [0.209594, 0.231085], avg = 0.223187
Partition 218: size =         96 elements, range [0.231176, 0.238556], avg = 0.234945
Partition 219: size =         85 elements, range [0.238568, 0.243570], avg = 0.241174
Partition 220: size =         76 elements, range [0.243598, 0.247709], avg = 0.245479
Partition 221: size =         68 elements, range [0.247767, 0.250998], avg = 0.249491
Partition 222: size =         60 elements, range [0.251028, 0.253874], avg = 0.252475
Partition 223: size =         54 elements, range [0.253879, 0.255703], avg = 0.254759
Partition 224: size =         47 elements, range [0.255711, 0.258115], avg = 0.256888
Partition 225: size =         42 elements, range [0.258140, 0.260284], avg = 0.259214
Partition 226: size =         37 elements, range [0.260437, 0.262234], avg = 0.261313
Partition 227: size =         33 elements, range [0.262236, 0.265075], avg = 0.263586
Partition 228: size =         29 elements, range [0.265087, 0.266588], avg = 0.265881
Partition 229: size =         25 elements, range [0.266604, 0.268244], avg = 0.267516
Partition 230: size =         22 elements, range [0.268257, 0.269290], avg = 0.268785
Partition 231: size =         20 elements, range [0.269297, 0.270803], avg = 0.270213
Partition 232: size =         17 elements, range [0.270855, 0.271858], avg = 0.271275
Partition 233: size =         15 elements, range [0.271863, 0.273693], avg = 0.272850
Partition 234: size =         13 elements, range [0.273768, 0.274679], avg = 0.274284
Partition 235: size =         11 elements, range [0.274702, 0.275676], avg = 0.275343
Partition 236: size =         10 elements, range [0.275695, 0.276279], avg = 0.275978
Partition 237: size =          9 elements, range [0.276399, 0.277387], avg = 0.276894
Partition 238: size =          7 elements, range [0.277411, 0.278110], avg = 0.277640
Partition 239: size =          6 elements, range [0.278159, 0.278461], avg = 0.278289
Partition 240: size =          6 elements, range [0.278487, 0.278962], avg = 0.278706
Partition 241: size =          5 elements, range [0.279251, 0.279800], avg = 0.279596
Partition 242: size =          4 elements, range [0.279885, 0.280158], avg = 0.280030
Partition 243: size =          3 elements, range [0.280183, 0.280291], avg = 0.280223
Partition 244: size =          3 elements, range [0.280346, 0.280384], avg = 0.280362
Partition 245: size =          2 elements, range [0.280510, 0.280915], avg = 0.280712
Partition 246: size =          2 elements, range [0.281001, 0.281409], avg = 0.281205
Partition 247: size =          2 elements, range [0.281776, 0.281958], avg = 0.281867
Partition 248: size =          1 elements, range [0.282078, 0.282078], avg = 0.282078
Partition 249: size =          1 elements, range [0.282286, 0.282286], avg = 0.282286
Partition 250: size =          1 elements, range [0.282454, 0.282454], avg = 0.282454
Partition 251: size =          1 elements, range [0.282544, 0.282544], avg = 0.282544
Partition 252: size =          1 elements, range [0.282593, 0.282593], avg = 0.282593
Partition 253: size =          1 elements, range [0.283210, 0.283210], avg = 0.283210
Partition 254: size =          1 elements, range [0.283240, 0.283240], avg = 0.283240
Partition 255: size =         63 elements, range [0.283274, 0.311142], avg = 0.292309
Loading of mapped Float finished. Elapsed time: 55ms
1024
Loaded 1000 vectors of dimension 1024
